Archive member included to satisfy reference by file (symbol)

Generated_Source\PSoC6\pdl\middleware\emWin\libs\GCC\libemWin_nosnts_gcc.a(F16B_1.o)
                              .\CortexM4\ARM_GCC_541\Debug\main_cm4.o (GUI_Font16B_1)
Generated_Source\PSoC6\pdl\middleware\emWin\libs\GCC\libemWin_nosnts_gcc.a(F16B_ASCII.o)
                              Generated_Source\PSoC6\pdl\middleware\emWin\libs\GCC\libemWin_nosnts_gcc.a(F16B_1.o) (GUI_Font16B_ASCII_Prop1)
Generated_Source\PSoC6\pdl\middleware\emWin\libs\GCC\libemWin_nosnts_gcc.a(F20_1.o)
                              .\CortexM4\ARM_GCC_541\Debug\main_cm4.o (GUI_Font20_1)
Generated_Source\PSoC6\pdl\middleware\emWin\libs\GCC\libemWin_nosnts_gcc.a(F20_ASCII.o)
                              Generated_Source\PSoC6\pdl\middleware\emWin\libs\GCC\libemWin_nosnts_gcc.a(F20_1.o) (GUI_Font20_ASCII_Prop1)
Generated_Source\PSoC6\pdl\middleware\emWin\libs\GCC\libemWin_nosnts_gcc.a(F32B_1.o)
                              .\CortexM4\ARM_GCC_541\Debug\main_cm4.o (GUI_Font32B_1)
Generated_Source\PSoC6\pdl\middleware\emWin\libs\GCC\libemWin_nosnts_gcc.a(F32B_ASCII.o)
                              Generated_Source\PSoC6\pdl\middleware\emWin\libs\GCC\libemWin_nosnts_gcc.a(F32B_1.o) (GUI_Font32B_ASCII_Prop1)
Generated_Source\PSoC6\pdl\middleware\emWin\libs\GCC\libemWin_nosnts_gcc.a(F6x8.o)
                              .\CortexM4\ARM_GCC_541\Debug\GUIConf.o (GUI_Font6x8)
Generated_Source\PSoC6\pdl\middleware\emWin\libs\GCC\libemWin_nosnts_gcc.a(FD32.o)
                              .\CortexM4\ARM_GCC_541\Debug\main_cm4.o (GUI_FontD32)
Generated_Source\PSoC6\pdl\middleware\emWin\libs\GCC\libemWin_nosnts_gcc.a(FD64.o)
                              .\CortexM4\ARM_GCC_541\Debug\main_cm4.o (GUI_FontD64)
Generated_Source\PSoC6\pdl\middleware\emWin\libs\GCC\libemWin_nosnts_gcc.a(GUI_Alloc.o)
                              .\CortexM4\ARM_GCC_541\Debug\GUIConf.o (GUI_ALLOC_AssignMemory)
Generated_Source\PSoC6\pdl\middleware\emWin\libs\GCC\libemWin_nosnts_gcc.a(GUI_CharM.o)
                              Generated_Source\PSoC6\pdl\middleware\emWin\libs\GCC\libemWin_nosnts_gcc.a(F6x8.o) (GUIMONO_DispChar)
Generated_Source\PSoC6\pdl\middleware\emWin\libs\GCC\libemWin_nosnts_gcc.a(GUI_CharP.o)
                              Generated_Source\PSoC6\pdl\middleware\emWin\libs\GCC\libemWin_nosnts_gcc.a(F16B_1.o) (GUIPROP_DispChar)
Generated_Source\PSoC6\pdl\middleware\emWin\libs\GCC\libemWin_nosnts_gcc.a(GUI_Common.o)
                              Generated_Source\PSoC6\pdl\middleware\emWin\libs\GCC\libemWin_nosnts_gcc.a(GUI_CharP.o) (GUI_GetBkColor)
Generated_Source\PSoC6\pdl\middleware\emWin\libs\GCC\libemWin_nosnts_gcc.a(GUI_Core.o)
                              Generated_Source\PSoC6\pdl\middleware\emWin\libs\GCC\libemWin_nosnts_gcc.a(GUI_Common.o) (GUI__apDevice)
Generated_Source\PSoC6\pdl\middleware\emWin\libs\GCC\libemWin_nosnts_gcc.a(GUI_Device.o)
                              .\CortexM4\ARM_GCC_541\Debug\LCDConf.o (GUI_DEVICE_CreateAndLink)
Generated_Source\PSoC6\pdl\middleware\emWin\libs\GCC\libemWin_nosnts_gcc.a(GUI_DispString.o)
                              Generated_Source\PSoC6\pdl\middleware\emWin\libs\GCC\libemWin_nosnts_gcc.a(GUI_Common.o) (GUI_DispString)
Generated_Source\PSoC6\pdl\middleware\emWin\libs\GCC\libemWin_nosnts_gcc.a(GUI_DispStringInRectEx.o)
                              Generated_Source\PSoC6\pdl\middleware\emWin\libs\GCC\libemWin_nosnts_gcc.a(GUI_DispString.o) (GUI_DispStringInRectEx)
Generated_Source\PSoC6\pdl\middleware\emWin\libs\GCC\libemWin_nosnts_gcc.a(GUI_DrawBitmap.o)
                              .\CortexM4\ARM_GCC_541\Debug\main_cm4.o (GUI_DrawBitmap)
Generated_Source\PSoC6\pdl\middleware\emWin\libs\GCC\libemWin_nosnts_gcc.a(GUI_OnKey.o)
                              Generated_Source\PSoC6\pdl\middleware\emWin\libs\GCC\libemWin_nosnts_gcc.a(GUI_Common.o) (GUI_GetKey)
Generated_Source\PSoC6\pdl\middleware\emWin\libs\GCC\libemWin_nosnts_gcc.a(GUI_UC.o)
                              Generated_Source\PSoC6\pdl\middleware\emWin\libs\GCC\libemWin_nosnts_gcc.a(GUI_DispString.o) (GUI_UC__GetCharCodeInc)
Generated_Source\PSoC6\pdl\middleware\emWin\libs\GCC\libemWin_nosnts_gcc.a(GUI_UC_EncodeNone.o)
                              Generated_Source\PSoC6\pdl\middleware\emWin\libs\GCC\libemWin_nosnts_gcc.a(GUI_Core.o) (GUI_UC_None)
Generated_Source\PSoC6\pdl\middleware\emWin\libs\GCC\libemWin_nosnts_gcc.a(GUI_WaitEvent.o)
                              Generated_Source\PSoC6\pdl\middleware\emWin\libs\GCC\libemWin_nosnts_gcc.a(GUI_OnKey.o) (GUI_SignalEvent)
Generated_Source\PSoC6\pdl\middleware\emWin\libs\GCC\libemWin_nosnts_gcc.a(GUICC_1.o)
                              .\CortexM4\ARM_GCC_541\Debug\LCDConf.o (LCD_API_ColorConv_1)
Generated_Source\PSoC6\pdl\middleware\emWin\libs\GCC\libemWin_nosnts_gcc.a(GUIDRV_BitPlains.o)
                              .\CortexM4\ARM_GCC_541\Debug\LCDConf.o (GUIDRV_BitPlains_Config)
[...]
Memory Configuration

Name             Origin             Length             Attributes
ram              0x08024000         0x00023800         xrw
flash            0x10080000         0x00080000         xr
em_eeprom        0x14000000         0x00008000         xr
sflash_user_data 0x16000800         0x00000800         xr
sflash_nar       0x16001a00         0x00000200         xr
sflash_public_key 0x16005a00         0x00000c00         xr
sflash_toc_2     0x16007c00         0x00000200         xr
sflash_rtoc_2    0x16007e00         0x00000200         xr
xip              0x18000000         0x08000000         xr
efuse            0x90700000         0x00100000         r
*default*        0x00000000         0xffffffff

Linker script and memory map

LOAD c:/program files (x86)/cypress/psoc creator/4.4/psoc creator/import/gnu/arm/5.4.1/bin/../lib/gcc/arm-none-eabi/5.4.1/armv7e-m/softfp/crti.o
LOAD c:/program files (x86)/cypress/psoc creator/4.4/psoc creator/import/gnu/arm/5.4.1/bin/../lib/gcc/arm-none-eabi/5.4.1/armv7e-m/softfp/crtbegin.o
LOAD c:/program files (x86)/cypress/psoc creator/4.4/psoc creator/import/gnu/arm/5.4.1/bin/../lib/gcc/arm-none-eabi/5.4.1/../../../../arm-none-eabi/lib/armv7e-m/softfp/crt0.o
START GROUP
LOAD Generated_Source\PSoC6\pdl\middleware\emWin\libs\GCC\libemWin_nosnts_gcc.a
LOAD .\CortexM4\ARM_GCC_541\Debug\startup_psoc6_01_cm4.o
LOAD .\CortexM4\ARM_GCC_541\Debug\system_psoc6_cm4.o
LOAD .\CortexM4\ARM_GCC_541\Debug\Thermistor.o
LOAD .\CortexM4\ARM_GCC_541\Debug\main_cm4.o
LOAD .\CortexM4\ARM_GCC_541\Debug\pervasive_eink_hardware_driver.o
LOAD .\CortexM4\ARM_GCC_541\Debug\cy_eink_library.o
LOAD .\CortexM4\ARM_GCC_541\Debug\cy_eink_psoc_interface.o
LOAD .\CortexM4\ARM_GCC_541\Debug\Cypress Logo Full Color_PNG_1bpp.o
LOAD .\CortexM4\ARM_GCC_541\Debug\GUIConf.o
LOAD .\CortexM4\ARM_GCC_541\Debug\GUI_X.o
LOAD .\CortexM4\ARM_GCC_541\Debug\LCDConf.o
LOAD .\CortexM4\ARM_GCC_541\Debug\stdio_user.o
LOAD .\CortexM4\ARM_GCC_541\Debug\cyfitter_sysint_cfg.o
LOAD .\CortexM4\ARM_GCC_541\Debug\cymetadata.o
LOAD .\CortexM4\ARM_GCC_541\Debug\CY_EINK_SPIM.o
LOAD .\CortexM4\ARM_GCC_541\Debug\CY_EINK_Timer.o
LOAD .\CortexM4\ARM_GCC_541\Debug\Status_SW2.o
LOAD .\CortexM4\ARM_GCC_541\Debug\cy_efuse.o
LOAD .\CortexM4\ARM_GCC_541\Debug\cy_flash.o
LOAD .\CortexM4\ARM_GCC_541\Debug\cy_gpio.o
LOAD .\CortexM4\ARM_GCC_541\Debug\cy_ipc_drv.o
LOAD .\CortexM4\ARM_GCC_541\Debug\cy_ipc_sema.o
LOAD .\CortexM4\ARM_GCC_541\Debug\cy_ipc_pipe.o
LOAD .\CortexM4\ARM_GCC_541\Debug\cy_lvd.o
LOAD .\CortexM4\ARM_GCC_541\Debug\cy_profile.o
LOAD .\CortexM4\ARM_GCC_541\Debug\cy_prot.o
LOAD .\CortexM4\ARM_GCC_541\Debug\cy_scb_common.o
LOAD .\CortexM4\ARM_GCC_541\Debug\cy_scb_i2c.o
LOAD .\CortexM4\ARM_GCC_541\Debug\cy_scb_ezi2c.o
LOAD .\CortexM4\ARM_GCC_541\Debug\cy_scb_spi.o
LOAD .\CortexM4\ARM_GCC_541\Debug\cy_scb_uart.o
LOAD .\CortexM4\ARM_GCC_541\Debug\cy_sysanalog.o
LOAD .\CortexM4\ARM_GCC_541\Debug\cy_sysclk.o
LOAD .\CortexM4\ARM_GCC_541\Debug\cy_sysint.o
LOAD .\CortexM4\ARM_GCC_541\Debug\cy_syslib.o
LOAD .\CortexM4\ARM_GCC_541\Debug\cy_syslib_gcc.o
LOAD .\CortexM4\ARM_GCC_541\Debug\cy_syspm.o
LOAD .\CortexM4\ARM_GCC_541\Debug\cy_systick.o
LOAD .\CortexM4\ARM_GCC_541\Debug\cy_tcpwm_counter.o
LOAD .\CortexM4\ARM_GCC_541\Debug\cy_tcpwm_pwm.o
LOAD .\CortexM4\ARM_GCC_541\Debug\cy_tcpwm_quaddec.o
LOAD .\CortexM4\ARM_GCC_541\Debug\cy_trigmux.o
LOAD .\CortexM4\ARM_GCC_541\Debug\cy_wdt.o
LOAD .\CortexM4\ARM_GCC_541\Debug\cy_device.o
LOAD .\CortexM4\ARM_GCC_541\Debug\cy_sar.o
LOAD .\CortexM4\ARM_GCC_541\Debug\cy_ble_clk.o
LOAD .\CortexM4\ARM_GCC_541\Debug\retarget.o
LOAD .\CortexM4\ARM_GCC_541\Debug\UART_1.o
LOAD .\CortexM4\ARM_GCC_541\Debug\ADC_1.o
LOAD .\CortexM4\ARM_GCC_541\Debug\ADC_1_INT.o
LOAD .\CortexM4\ARM_GCC_541\Debug\ADC_1_INIT.o
LOAD .\CortexM4\ARM_GCC_541\Debug\ADC_1_PM.o
LOAD .\CortexM4\ARM_GCC_541\Debug\PWM.o
END GROUP
START GROUP
LOAD c:/program files (x86)/cypress/psoc creator/4.4/psoc creator/import/gnu/arm/5.4.1/bin/../lib/gcc/arm-none-eabi/5.4.1/armv7e-m/softfp\libgcc.a
LOAD c:/program files (x86)/cypress/psoc creator/4.4/psoc creator/import/gnu/arm/5.4.1/bin/../lib/gcc/arm-none-eabi/5.4.1/../../../../arm-none-eabi/lib/armv7e-m/softfp\libg_nano.a
LOAD c:/program files (x86)/cypress/psoc creator/4.4/psoc creator/import/gnu/arm/5.4.1/bin/../lib/gcc/arm-none-eabi/5.4.1/../../../../arm-none-eabi/lib/armv7e-m/softfp\libc_nano.a
END GROUP
START GROUP
LOAD c:/program files (x86)/cypress/psoc creator/4.4/psoc creator/import/gnu/arm/5.4.1/bin/../lib/gcc/arm-none-eabi/5.4.1/armv7e-m/softfp\libgcc.a
LOAD c:/program files (x86)/cypress/psoc creator/4.4/psoc creator/import/gnu/arm/5.4.1/bin/../lib/gcc/arm-none-eabi/5.4.1/../../../../arm-none-eabi/lib/armv7e-m/softfp\libc_nano.a
END GROUP
LOAD c:/program files (x86)/cypress/psoc creator/4.4/psoc creator/import/gnu/arm/5.4.1/bin/../lib/gcc/arm-none-eabi/5.4.1/armv7e-m/softfp/crtend.o
LOAD c:/program files (x86)/cypress/psoc creator/4.4/psoc creator/import/gnu/arm/5.4.1/bin/../lib/gcc/arm-none-eabi/5.4.1/armv7e-m/softfp/crtn.o
START GROUP
LOAD c:/program files (x86)/cypress/psoc creator/4.4/psoc creator/import/gnu/arm/5.4.1/bin/../lib/gcc/arm-none-eabi/5.4.1/armv7e-m/softfp\libgcc.a
LOAD c:/program files (x86)/cypress/psoc creator/4.4/psoc creator/import/gnu/arm/5.4.1/bin/../lib/gcc/arm-none-eabi/5.4.1/../../../../arm-none-eabi/lib/armv7e-m/softfp\libc.a
LOAD c:/program files (x86)/cypress/psoc creator/4.4/psoc creator/import/gnu/arm/5.4.1/bin/../lib/gcc/arm-none-eabi/5.4.1/../../../../arm-none-eabi/lib/armv7e-m/softfp\libnosys.a
END GROUP
START GROUP
LOAD c:/program files (x86)/cypress/psoc creator/4.4/psoc creator/import/gnu/arm/5.4.1/bin/../lib/gcc/arm-none-eabi/5.4.1/armv7e-m/softfp\libgcc.a
LOAD c:/program files (x86)/cypress/psoc creator/4.4/psoc creator/import/gnu/arm/5.4.1/bin/../lib/gcc/arm-none-eabi/5.4.1/../../../../arm-none-eabi/lib/armv7e-m/softfp\libc.a
LOAD c:/program files (x86)/cypress/psoc creator/4.4/psoc creator/import/gnu/arm/5.4.1/bin/../lib/gcc/arm-none-eabi/5.4.1/../../../../arm-none-eabi/lib/armv7e-m/softfp\libm.a
LOAD c:/program files (x86)/cypress/psoc creator/4.4/psoc creator/import/gnu/arm/5.4.1/bin/../lib/gcc/arm-none-eabi/5.4.1/../../../../arm-none-eabi/lib/armv7e-m/softfp\libnosys.a
END GROUP

.text           0x10080000    0x18d64
                0x10080000                . = ALIGN (0x4)
                0x10080000                __Vectors = .
 *(.vectors)
 .vectors       0x10080000      0x28c .\CortexM4\ARM_GCC_541\Debug\startup_psoc6_01_cm4.o
                0x1008028c                . = ALIGN (0x4)
                0x1008028c                __Vectors_End = .
                0x0000028c                __Vectors_Size = (__Vectors_End - __Vectors)
                0x1008028c                __end__ = .
                0x1008028c                . = ALIGN (0x4)
 *(.text*)
 .text          0x1008028c       0x5c c:/program files (x86)/cypress/psoc creator/4.4/psoc creator/import/gnu/arm/5.4.1/bin/../lib/gcc/arm-none-eabi/5.4.1/armv7e-m/softfp/crtbegin.o
 .text          0x100802e8       0x84 .\CortexM4\ARM_GCC_541\Debug\startup_psoc6_01_cm4.o
                0x100802e8                Cy_OnResetUser
                0x100802ea                Reset_Handler
                0x1008034c                cpuss_interrupts_ipc_6_IRQHandler
                0x1008034c                DebugMon_Handler
                0x1008034c                tcpwm_1_interrupts_11_IRQHandler
                0x1008034c                cpuss_interrupts_ipc_0_IRQHandler
                0x1008034c                tcpwm_1_interrupts_15_IRQHandler
                0x1008034c                ioss_interrupts_gpio_13_IRQHandler
                0x1008034c                tcpwm_1_interrupts_13_IRQHandler
                0x1008034c                cpuss_interrupts_dw1_8_IRQHandler
                0x1008034c                tcpwm_0_interrupts_0_IRQHandler
                0x1008034c                SysTick_Handler
                0x1008034c                cpuss_interrupt_fm_IRQHandler
                0x1008034c                cpuss_interrupts_ipc_7_IRQHandler
                0x1008034c                tcpwm_1_interrupts_14_IRQHandler
                0x1008034c                cpuss_interrupts_dw0_5_IRQHandler
                0x1008034c                tcpwm_1_interrupts_9_IRQHandler
                0x1008034c                cpuss_interrupts_cm0_cti_1_IRQHandler
                0x1008034c                tcpwm_1_interrupts_22_IRQHandler
                0x1008034c                cpuss_interrupts_dw0_4_IRQHandler
                0x1008034c                PendSV_Handler
                0x1008034c                NMI_Handler
                0x1008034c                cpuss_interrupts_dw1_12_IRQHandler
                0x1008034c                tcpwm_1_interrupts_12_IRQHandler
                0x1008034c                smif_interrupt_IRQHandler
                0x1008034c                tcpwm_1_interrupts_2_IRQHandler
                0x1008034c                cpuss_interrupts_ipc_13_IRQHandler
                0x1008034c                udb_interrupts_11_IRQHandler
                0x1008034c                tcpwm_1_interrupts_18_IRQHandler
                0x1008034c                cpuss_interrupts_dw0_11_IRQHandler
                0x1008034c                tcpwm_0_interrupts_2_IRQHandler
                0x1008034c                cpuss_interrupts_dw0_13_IRQHandler
                0x1008034c                udb_interrupts_2_IRQHandler
                0x1008034c                cpuss_interrupts_dw1_7_IRQHandler
                0x1008034c                ioss_interrupts_gpio_1_IRQHandler
                0x1008034c                ioss_interrupts_gpio_7_IRQHandler
                0x1008034c                scb_5_interrupt_IRQHandler
                0x1008034c                udb_interrupts_6_IRQHandler
                0x1008034c                cpuss_interrupts_fault_1_IRQHandler
                0x1008034c                cpuss_interrupts_ipc_4_IRQHandler
                0x1008034c                cpuss_interrupts_ipc_5_IRQHandler
                0x1008034c                cpuss_interrupts_dw1_10_IRQHandler
                0x1008034c                udb_interrupts_0_IRQHandler
                0x1008034c                tcpwm_1_interrupts_6_IRQHandler
                0x1008034c                scb_4_interrupt_IRQHandler
                0x1008034c                pass_interrupt_dacs_IRQHandler
                0x1008034c                ioss_interrupts_gpio_2_IRQHandler
                0x1008034c                cpuss_interrupts_dw1_9_IRQHandler
                0x1008034c                cpuss_interrupts_dw1_13_IRQHandler
                0x1008034c                scb_2_interrupt_IRQHandler
                0x1008034c                cpuss_interrupts_cm0_cti_0_IRQHandler
                0x1008034c                udb_interrupts_5_IRQHandler
                0x1008034c                srss_interrupt_IRQHandler
                0x1008034c                udb_interrupts_12_IRQHandler
                0x1008034c                scb_0_interrupt_IRQHandler
                0x1008034c                csd_interrupt_IRQHandler
                0x1008034c                udb_interrupts_1_IRQHandler
                0x1008034c                profile_interrupt_IRQHandler
                0x1008034c                tcpwm_1_interrupts_1_IRQHandler
                0x1008034c                cpuss_interrupts_ipc_12_IRQHandler
                0x1008034c                tcpwm_1_interrupts_3_IRQHandler
                0x1008034c                tcpwm_0_interrupts_7_IRQHandler
                0x1008034c                cpuss_interrupts_dw1_1_IRQHandler
                0x1008034c                cpuss_interrupts_dw1_0_IRQHandler
                0x1008034c                cpuss_interrupts_dw0_9_IRQHandler
                0x1008034c                lpcomp_interrupt_IRQHandler
                0x1008034c                tcpwm_1_interrupts_23_IRQHandler
                0x1008034c                udb_interrupts_4_IRQHandler
                0x1008034c                tcpwm_1_interrupts_20_IRQHandler
                0x1008034c                ioss_interrupt_gpio_IRQHandler
                0x1008034c                tcpwm_0_interrupts_1_IRQHandler
                0x1008034c                ioss_interrupts_gpio_8_IRQHandler
                0x1008034c                tcpwm_0_interrupts_6_IRQHandler
                0x1008034c                scb_7_interrupt_IRQHandler
                0x1008034c                tcpwm_1_interrupts_7_IRQHandler
                0x1008034c                cpuss_interrupts_ipc_11_IRQHandler
                0x1008034c                udb_interrupts_13_IRQHandler
                0x1008034c                cpuss_interrupts_dw0_15_IRQHandler
                0x1008034c                udb_interrupts_7_IRQHandler
                0x1008034c                cpuss_interrupts_dw1_6_IRQHandler
                0x1008034c                cpuss_interrupt_crypto_IRQHandler
                0x1008034c                scb_1_interrupt_IRQHandler
                0x1008034c                Default_Handler
                0x1008034c                usb_interrupt_hi_IRQHandler
                0x1008034c                tcpwm_1_interrupts_0_IRQHandler
                0x1008034c                udb_interrupts_9_IRQHandler
                0x1008034c                audioss_interrupt_pdm_IRQHandler
                0x1008034c                srss_interrupt_mcwdt_0_IRQHandler
                0x1008034c                scb_3_interrupt_IRQHandler
                0x1008034c                pass_interrupt_ctbs_IRQHandler
                0x1008034c                udb_interrupts_8_IRQHandler
                0x1008034c                ioss_interrupts_gpio_3_IRQHandler
                0x1008034c                scb_6_interrupt_IRQHandler
                0x1008034c                cpuss_interrupts_cm4_cti_0_IRQHandler
                0x1008034c                cpuss_interrupts_dw1_3_IRQHandler
                0x1008034c                pass_interrupt_sar_IRQHandler
                0x1008034c                ioss_interrupts_gpio_0_IRQHandler
                0x1008034c                ioss_interrupts_gpio_14_IRQHandler
                0x1008034c                tcpwm_0_interrupts_4_IRQHandler
                0x1008034c                udb_interrupts_3_IRQHandler
                0x1008034c                tcpwm_0_interrupts_5_IRQHandler
                0x1008034c                cpuss_interrupts_ipc_15_IRQHandler
                0x1008034c                cpuss_interrupts_cm4_cti_1_IRQHandler
                0x1008034c                scb_8_interrupt_IRQHandler
                0x1008034c                srss_interrupt_mcwdt_1_IRQHandler
                0x1008034c                cpuss_interrupts_dw1_2_IRQHandler
                0x1008034c                SVC_Handler
                0x1008034c                cpuss_interrupts_dw1_5_IRQHandler
                0x1008034c                cpuss_interrupts_ipc_1_IRQHandler
                0x1008034c                cpuss_interrupts_dw0_0_IRQHandler
                0x1008034c                ioss_interrupts_gpio_12_IRQHandler
                0x1008034c                cpuss_interrupts_ipc_3_IRQHandler
                0x1008034c                tcpwm_1_interrupts_17_IRQHandler
                0x1008034c                srss_interrupt_backup_IRQHandler
                0x1008034c                bless_interrupt_IRQHandler
                0x1008034c                cpuss_interrupts_ipc_10_IRQHandler
                0x1008034c                cpuss_interrupts_ipc_9_IRQHandler
                0x1008034c                cpuss_interrupts_dw0_14_IRQHandler
                0x1008034c                tcpwm_1_interrupts_4_IRQHandler
                0x1008034c                tcpwm_0_interrupts_3_IRQHandler
                0x1008034c                cpuss_interrupts_dw1_15_IRQHandler
                0x1008034c                ioss_interrupts_gpio_10_IRQHandler
                0x1008034c                udb_interrupts_10_IRQHandler
                0x1008034c                cpuss_interrupts_dw0_8_IRQHandler
                0x1008034c                ioss_interrupts_gpio_11_IRQHandler
                0x1008034c                cpuss_interrupts_ipc_14_IRQHandler
                0x1008034c                ioss_interrupts_gpio_5_IRQHandler
                0x1008034c                ioss_interrupts_gpio_4_IRQHandler
                0x1008034c                tcpwm_1_interrupts_8_IRQHandler
                0x1008034c                cpuss_interrupts_dw1_14_IRQHandler
                0x1008034c                usb_interrupt_med_IRQHandler
                0x1008034c                cpuss_interrupts_dw0_2_IRQHandler
                0x1008034c                tcpwm_1_interrupts_10_IRQHandler
                0x1008034c                cpuss_interrupts_fault_0_IRQHandler
                0x1008034c                cpuss_interrupts_dw0_12_IRQHandler
                0x1008034c                ioss_interrupts_gpio_6_IRQHandler
                0x1008034c                tcpwm_1_interrupts_21_IRQHandler
                0x1008034c                tcpwm_1_interrupts_16_IRQHandler
                0x1008034c                cpuss_interrupts_dw1_4_IRQHandler
                0x1008034c                udb_interrupts_15_IRQHandler
                0x1008034c                cpuss_interrupts_dw1_11_IRQHandler
                0x1008034c                cpuss_interrupts_dw0_6_IRQHandler
                0x1008034c                ioss_interrupt_vdd_IRQHandler
                0x1008034c                cpuss_interrupts_dw0_7_IRQHandler
                0x1008034c                audioss_interrupt_i2s_IRQHandler
                0x1008034c                tcpwm_1_interrupts_5_IRQHandler
                0x1008034c                cpuss_interrupts_ipc_2_IRQHandler
                0x1008034c                cpuss_interrupts_dw0_10_IRQHandler
                0x1008034c                tcpwm_1_interrupts_19_IRQHandler
                0x1008034c                cpuss_interrupts_dw0_1_IRQHandler
                0x1008034c                ioss_interrupts_gpio_9_IRQHandler
                0x1008034c                usb_interrupt_lo_IRQHandler
                0x1008034c                cpuss_interrupts_ipc_8_IRQHandler
                0x1008034c                udb_interrupts_14_IRQHandler
                0x1008034c                cpuss_interrupts_dw0_3_IRQHandler
                0x10080350                UsageFault_Handler
                0x10080350                HardFault_Handler
                0x10080350                MemManage_Handler
                0x10080350                BusFault_Handler
 .text.Cy_SysIpcPipeIsrCm4
                0x1008036c        0xc .\CortexM4\ARM_GCC_541\Debug\system_psoc6_cm4.o
                0x1008036c                Cy_SysIpcPipeIsrCm4
 .text.Cy_SystemInit
                0x10080378        0x4 .\CortexM4\ARM_GCC_541\Debug\system_psoc6_cm4.o
                0x10080378                Cy_SystemInit
 .text.SystemCoreClockUpdate
                0x1008037c      0x190 .\CortexM4\ARM_GCC_541\Debug\system_psoc6_cm4.o
                0x1008037c                SystemCoreClockUpdate
 .text.SystemInit
                0x1008050c       0x48 .\CortexM4\ARM_GCC_541\Debug\system_psoc6_cm4.o
                0x1008050c                SystemInit
 .text.Cy_SystemInitFpuEnable
                0x10080554       0x28 .\CortexM4\ARM_GCC_541\Debug\system_psoc6_cm4.o
                0x10080554                Cy_SystemInitFpuEnable
 .text.Thermistor_GetResistance
                0x1008057c       0x24 .\CortexM4\ARM_GCC_541\Debug\Thermistor.o
                0x1008057c                Thermistor_GetResistance
 .text.Thermistor_GetTemperature
                0x100805a0       0xc8 .\CortexM4\ARM_GCC_541\Debug\Thermistor.o
                0x100805a0                Thermistor_GetTemperature
 .text.UpdateDisplay
                0x10080668       0x2c .\CortexM4\ARM_GCC_541\Debug\main_cm4.o
                0x10080668                UpdateDisplay
 *fill*         0x10080694        0x4 
 .text.TemperatureDisplay
                0x10080698      0x174 .\CortexM4\ARM_GCC_541\Debug\main_cm4.o
                0x10080698                TemperatureDisplay
 *fill*         0x1008080c        0x4 
 .text.GasSensor
                0x10080810      0x140 .\CortexM4\ARM_GCC_541\Debug\main_cm4.o
                0x10080810                GasSensor
 .text.EggTimer
                0x10080950      0x174 .\CortexM4\ARM_GCC_541\Debug\main_cm4.o
                0x10080950                EggTimer
 .text.CampingActivity
                0x10080ac4       0xc8 .\CortexM4\ARM_GCC_541\Debug\main_cm4.o
                0x10080ac4                CampingActivity
 .text.ShowStartupScreen
                0x10080b8c       0x60 .\CortexM4\ARM_GCC_541\Debug\main_cm4.o
                0x10080b8c                ShowStartupScreen
 .text.ShowInstructionsScreen
                0x10080bec       0x6c .\CortexM4\ARM_GCC_541\Debug\main_cm4.o
                0x10080bec                ShowInstructionsScreen
 .text.WaitforSwitchPressAndRelease
                0x10080c58       0x14 .\CortexM4\ARM_GCC_541\Debug\main_cm4.o
                0x10080c58                WaitforSwitchPressAndRelease
 .text.main     0x10080c6c       0xa4 .\CortexM4\ARM_GCC_541\Debug\main_cm4.o
                0x10080c6c                main
 .text.Pv_EINK_SendData
                0x10080d10       0x38 .\CortexM4\ARM_GCC_541\Debug\pervasive_eink_hardware_driver.o
                0x10080d10                Pv_EINK_SendData
 .text.Pv_EINK_SendByte
                0x10080d48       0x18 .\CortexM4\ARM_GCC_541\Debug\pervasive_eink_hardware_driver.o
                0x10080d48                Pv_EINK_SendByte
 .text.Pv_EINK_ReadByte
                0x10080d60       0x30 .\CortexM4\ARM_GCC_541\Debug\pervasive_eink_hardware_driver.o
                0x10080d60                Pv_EINK_ReadByte
 .text.Pv_EINK_Init
                0x10080d90       0x34 .\CortexM4\ARM_GCC_541\Debug\pervasive_eink_hardware_driver.o
                0x10080d90                Pv_EINK_Init
 .text.Pv_EINK_InitDriver
                0x10080dc4      0x118 .\CortexM4\ARM_GCC_541\Debug\pervasive_eink_hardware_driver.o
                0x10080dc4                Pv_EINK_InitDriver
 .text.Pv_EINK_SetTempFactor
                0x10080edc       0x58 .\CortexM4\ARM_GCC_541\Debug\pervasive_eink_hardware_driver.o
                0x10080edc                Pv_EINK_SetTempFactor
 .text.Pv_EINK_FullStageHandler
                0x10080f34      0x424 .\CortexM4\ARM_GCC_541\Debug\pervasive_eink_hardware_driver.o
                0x10080f34                Pv_EINK_FullStageHandler
 .text.Pv_EINK_PartialStageHandler
                0x10081358      0x228 .\CortexM4\ARM_GCC_541\Debug\pervasive_eink_hardware_driver.o
                0x10081358                Pv_EINK_PartialStageHandler
 .text.Pv_EINK_NothingFrame
                0x10081580       0x5c .\CortexM4\ARM_GCC_541\Debug\pervasive_eink_hardware_driver.o
                0x10081580                Pv_EINK_NothingFrame
 .text.Pv_EINK_DummyLine
                0x100815dc       0x34 .\CortexM4\ARM_GCC_541\Debug\pervasive_eink_hardware_driver.o
                0x100815dc                Pv_EINK_DummyLine
 .text.Pv_EINK_HardwarePowerOn
                0x10081610       0x44 .\CortexM4\ARM_GCC_541\Debug\pervasive_eink_hardware_driver.o
                0x10081610                Pv_EINK_HardwarePowerOn
 .text.Pv_EINK_HardwarePowerOff
                0x10081654       0xa8 .\CortexM4\ARM_GCC_541\Debug\pervasive_eink_hardware_driver.o
                0x10081654                Pv_EINK_HardwarePowerOff
 .text.Cy_EINK_Start
                0x100816fc       0x10 .\CortexM4\ARM_GCC_541\Debug\cy_eink_library.o
                0x100816fc                Cy_EINK_Start
 .text.Cy_EINK_Power
                0x1008170c       0x18 .\CortexM4\ARM_GCC_541\Debug\cy_eink_library.o
                0x1008170c                Cy_EINK_Power
 .text.Cy_EINK_ShowFrame
                0x10081724       0x54 .\CortexM4\ARM_GCC_541\Debug\cy_eink_library.o
                0x10081724                Cy_EINK_ShowFrame
 .text.Cy_EINK_TimerInit
                0x10081778       0x14 .\CortexM4\ARM_GCC_541\Debug\cy_eink_psoc_interface.o
                0x10081778                Cy_EINK_TimerInit
 .text.Cy_EINK_GetTimeTick
                0x1008178c        0xc .\CortexM4\ARM_GCC_541\Debug\cy_eink_psoc_interface.o
                0x1008178c                Cy_EINK_GetTimeTick
 .text.Cy_EINK_TimerStop
                0x10081798        0xc .\CortexM4\ARM_GCC_541\Debug\cy_eink_psoc_interface.o
                0x10081798                Cy_EINK_TimerStop
 .text.Cy_EINK_InitSPI
                0x100817a4       0x30 .\CortexM4\ARM_GCC_541\Debug\cy_eink_psoc_interface.o
                0x100817a4                Cy_EINK_InitSPI
 .text.Cy_EINK_AttachSPI
                0x100817d4       0x1c .\CortexM4\ARM_GCC_541\Debug\cy_eink_psoc_interface.o
                0x100817d4                Cy_EINK_AttachSPI
 .text.Cy_EINK_DetachSPI
                0x100817f0       0x14 .\CortexM4\ARM_GCC_541\Debug\cy_eink_psoc_interface.o
                0x100817f0                Cy_EINK_DetachSPI
 .text.Cy_EINK_WriteSPI
                0x10081804       0x60 .\CortexM4\ARM_GCC_541\Debug\cy_eink_psoc_interface.o
                0x10081804                Cy_EINK_WriteSPI
 .text.Cy_EINK_ReadSPI
                0x10081864       0x68 .\CortexM4\ARM_GCC_541\Debug\cy_eink_psoc_interface.o
                0x10081864                Cy_EINK_ReadSPI
 .text.Cy_EINK_WriteSPIBuffer
                0x100818cc       0x84 .\CortexM4\ARM_GCC_541\Debug\cy_eink_psoc_interface.o
                0x100818cc                Cy_EINK_WriteSPIBuffer
 .text.Cy_EINK_IsBusy
                0x10081950       0x18 .\CortexM4\ARM_GCC_541\Debug\cy_eink_psoc_interface.o
                0x10081950                Cy_EINK_IsBusy
 .text.GUI_X_Config
                0x10081968       0x1c .\CortexM4\ARM_GCC_541\Debug\GUIConf.o
                0x10081968                GUI_X_Config
 .text.GUI_X_Systick_Intr
                0x10081984       0x10 .\CortexM4\ARM_GCC_541\Debug\GUI_X.o
                0x10081984                GUI_X_Systick_Intr
 .text.GUI_X_Systick_Init
                0x10081994       0x40 .\CortexM4\ARM_GCC_541\Debug\GUI_X.o
                0x10081994                GUI_X_Systick_Init
 .text.GUI_X_Init
                0x100819d4        0x8 .\CortexM4\ARM_GCC_541\Debug\GUI_X.o
                0x100819d4                GUI_X_Init
 .text.LCD_X_Config
                0x100819dc       0x70 .\CortexM4\ARM_GCC_541\Debug\LCDConf.o
                0x100819dc                LCD_X_Config
 .text.LCD_X_DisplayDriver
                0x10081a4c       0x10 .\CortexM4\ARM_GCC_541\Debug\LCDConf.o
                0x10081a4c                LCD_X_DisplayDriver
 .text.LCD_GetDisplayBuffer
                0x10081a5c        0x8 .\CortexM4\ARM_GCC_541\Debug\LCDConf.o
                0x10081a5c                LCD_GetDisplayBuffer
 .text.STDIO_PutChar
                0x10081a64       0x18 .\CortexM4\ARM_GCC_541\Debug\stdio_user.o
                0x10081a64                STDIO_PutChar
 .text.STDIO_GetChar
                0x10081a7c       0x1c .\CortexM4\ARM_GCC_541\Debug\stdio_user.o
                0x10081a7c                STDIO_GetChar
 .text.CY_EINK_Timer_Start
                0x10081a98       0x30 .\CortexM4\ARM_GCC_541\Debug\CY_EINK_Timer.o
                0x10081a98                CY_EINK_Timer_Start
 .text.Status_SW2_Read
                0x10081ac8        0xc .\CortexM4\ARM_GCC_541\Debug\Status_SW2.o
                0x10081ac8                Status_SW2_Read
 .text.Cy_Flash_ProcessOpcode
                0x10081ad4       0xac .\CortexM4\ARM_GCC_541\Debug\cy_flash.o
 .text.Cy_Flash_OperationStatus
                0x10081b80       0x5c .\CortexM4\ARM_GCC_541\Debug\cy_flash.o
 .text.Cy_Flash_InitExt
                0x10081bdc       0x80 .\CortexM4\ARM_GCC_541\Debug\cy_flash.o
                0x10081bdc                Cy_Flash_InitExt
 .text.Cy_Flash_Init
                0x10081c5c       0x10 .\CortexM4\ARM_GCC_541\Debug\cy_flash.o
                0x10081c5c                Cy_Flash_Init
 .text.Cy_IPC_Drv_LockRelease
                0x10081c6c       0x3c .\CortexM4\ARM_GCC_541\Debug\cy_ipc_drv.o
                0x10081c6c                Cy_IPC_Drv_LockRelease
 .text.Cy_IPC_Drv_SendMsgWord
                0x10081ca8       0x3c .\CortexM4\ARM_GCC_541\Debug\cy_ipc_drv.o
                0x10081ca8                Cy_IPC_Drv_SendMsgWord
 .text.Cy_IPC_Drv_ReadMsgWord
                0x10081ce4       0x38 .\CortexM4\ARM_GCC_541\Debug\cy_ipc_drv.o
                0x10081ce4                Cy_IPC_Drv_ReadMsgWord
 .text.Cy_IPC_Sema_InitExt
                0x10081d1c       0xac .\CortexM4\ARM_GCC_541\Debug\cy_ipc_sema.o
                0x10081d1c                Cy_IPC_Sema_InitExt
 .text.Cy_IPC_Sema_Init
                0x10081dc8       0x64 .\CortexM4\ARM_GCC_541\Debug\cy_ipc_sema.o
                0x10081dc8                Cy_IPC_Sema_Init
 .text.Cy_IPC_Sema_Clear
                0x10081e2c       0x88 .\CortexM4\ARM_GCC_541\Debug\cy_ipc_sema.o
                0x10081e2c                Cy_IPC_Sema_Clear
 .text.Cy_IPC_Sema_Status
                0x10081eb4       0x40 .\CortexM4\ARM_GCC_541\Debug\cy_ipc_sema.o
                0x10081eb4                Cy_IPC_Sema_Status
 .text.Cy_IPC_Pipe_Config
                0x10081ef4       0x10 .\CortexM4\ARM_GCC_541\Debug\cy_ipc_pipe.o
                0x10081ef4                Cy_IPC_Pipe_Config
 .text.Cy_IPC_Pipe_EndpointInit
                0x10081f04       0xd0 .\CortexM4\ARM_GCC_541\Debug\cy_ipc_pipe.o
                0x10081f04                Cy_IPC_Pipe_EndpointInit
 .text.Cy_IPC_Pipe_Init
                0x10081fd4       0xb4 .\CortexM4\ARM_GCC_541\Debug\cy_ipc_pipe.o
                0x10081fd4                Cy_IPC_Pipe_Init
 .text.Cy_IPC_Pipe_SendMessage
                0x10082088       0xa4 .\CortexM4\ARM_GCC_541\Debug\cy_ipc_pipe.o
                0x10082088                Cy_IPC_Pipe_SendMessage
 .text.Cy_IPC_Pipe_RegisterCallback
                0x1008212c       0x50 .\CortexM4\ARM_GCC_541\Debug\cy_ipc_pipe.o
                0x1008212c                Cy_IPC_Pipe_RegisterCallback
 .text.Cy_IPC_Pipe_ExecCallback
                0x1008217c       0xbc .\CortexM4\ARM_GCC_541\Debug\cy_ipc_pipe.o
                0x1008217c                Cy_IPC_Pipe_ExecCallback
 .text.Cy_IPC_Pipe_ExecuteCallback
                0x10082238       0x2c .\CortexM4\ARM_GCC_541\Debug\cy_ipc_pipe.o
                0x10082238                Cy_IPC_Pipe_ExecuteCallback
 .text.Cy_SCB_ReadArrayNoCheck
                0x10082264       0x38 .\CortexM4\ARM_GCC_541\Debug\cy_scb_common.o
                0x10082264                Cy_SCB_ReadArrayNoCheck
 .text.Cy_SCB_ReadArray
                0x1008229c       0x1c .\CortexM4\ARM_GCC_541\Debug\cy_scb_common.o
                0x1008229c                Cy_SCB_ReadArray
 .text.Cy_SCB_Write
                0x100822b8       0x28 .\CortexM4\ARM_GCC_541\Debug\cy_scb_common.o
                0x100822b8                Cy_SCB_Write
 .text.Cy_SCB_WriteArrayNoCheck
                0x100822e0       0x38 .\CortexM4\ARM_GCC_541\Debug\cy_scb_common.o
                0x100822e0                Cy_SCB_WriteArrayNoCheck
 .text.Cy_SCB_WriteArray
                0x10082318       0x2c .\CortexM4\ARM_GCC_541\Debug\cy_scb_common.o
                0x10082318                Cy_SCB_WriteArray
 .text.Cy_SCB_WriteArrayBlocking
                0x10082344       0x30 .\CortexM4\ARM_GCC_541\Debug\cy_scb_common.o
                0x10082344                Cy_SCB_WriteArrayBlocking
 .text.Cy_SCB_SPI_Init
                0x10082374      0x268 .\CortexM4\ARM_GCC_541\Debug\cy_scb_spi.o
                0x10082374                Cy_SCB_SPI_Init
 .text.Cy_SCB_SPI_Disable
                0x100825dc       0x24 .\CortexM4\ARM_GCC_541\Debug\cy_scb_spi.o
                0x100825dc                Cy_SCB_SPI_Disable
 .text.HandleDataTransmit
                0x10082600       0xdc .\CortexM4\ARM_GCC_541\Debug\cy_scb_uart.o
 .text.HandleDataReceive
                0x100826dc       0xf8 .\CortexM4\ARM_GCC_541\Debug\cy_scb_uart.o
 .text.Cy_SCB_UART_Init
                0x100827d4      0x364 .\CortexM4\ARM_GCC_541\Debug\cy_scb_uart.o
                0x100827d4                Cy_SCB_UART_Init
 .text.Cy_SCB_UART_GetNumInRingBuffer
                0x10082b38       0x18 .\CortexM4\ARM_GCC_541\Debug\cy_scb_uart.o
                0x10082b38                Cy_SCB_UART_GetNumInRingBuffer
 .text.HandleRingBuffer
                0x10082b50       0xcc .\CortexM4\ARM_GCC_541\Debug\cy_scb_uart.o
 .text.Cy_SCB_UART_Interrupt
                0x10082c1c       0xe8 .\CortexM4\ARM_GCC_541\Debug\cy_scb_uart.o
                0x10082c1c                Cy_SCB_UART_Interrupt
 .text.Cy_SysInt_SetVector
                0x10082d04       0x48 .\CortexM4\ARM_GCC_541\Debug\cy_sysint.o
                0x10082d04                Cy_SysInt_SetVector
 .text.Cy_SysInt_Init
                0x10082d4c       0x74 .\CortexM4\ARM_GCC_541\Debug\cy_sysint.o
                0x10082d4c                Cy_SysInt_Init
 .text.Cy_SysLib_Delay
                0x10082dc0       0x30 .\CortexM4\ARM_GCC_541\Debug\cy_syslib.o
                0x10082dc0                Cy_SysLib_Delay
 .text.Cy_SysLib_DelayUs
                0x10082df0       0x14 .\CortexM4\ARM_GCC_541\Debug\cy_syslib.o
                0x10082df0                Cy_SysLib_DelayUs
 .text.Cy_SysLib_Halt
                0x10082e04        0x4 .\CortexM4\ARM_GCC_541\Debug\cy_syslib.o
                0x10082e04                Cy_SysLib_Halt
 .text.Cy_SysLib_AssertFailed
                0x10082e08       0x1c .\CortexM4\ARM_GCC_541\Debug\cy_syslib.o
                0x10082e08                Cy_SysLib_AssertFailed
 .text.Cy_SysLib_ProcessingFault
                0x10082e24        0x4 .\CortexM4\ARM_GCC_541\Debug\cy_syslib.o
                0x10082e24                Cy_SysLib_ProcessingFault
 .text.Cy_SysLib_FaultHandler
                0x10082e28       0xa4 .\CortexM4\ARM_GCC_541\Debug\cy_syslib.o
                0x10082e28                Cy_SysLib_FaultHandler
 *fill*         0x10082ecc        0x4 
 .text          0x10082ed0       0x20 .\CortexM4\ARM_GCC_541\Debug\cy_syslib_gcc.o
                0x10082ed0                Cy_SysLib_DelayCycles
                0x10082ee2                Cy_SysLib_EnterCriticalSection
                0x10082eea                Cy_SysLib_ExitCriticalSection
 .text.Cy_SysTick_ServiceCallbacks
                0x10082ef0       0x2c .\CortexM4\ARM_GCC_541\Debug\cy_systick.o
 .text.Cy_SysTick_Enable
                0x10082f1c       0x18 .\CortexM4\ARM_GCC_541\Debug\cy_systick.o
                0x10082f1c                Cy_SysTick_Enable
 .text.Cy_SysTick_SetClockSource
                0x10082f34       0x38 .\CortexM4\ARM_GCC_541\Debug\cy_systick.o
                0x10082f34                Cy_SysTick_SetClockSource
 .text.Cy_SysTick_Init
                0x10082f6c       0x44 .\CortexM4\ARM_GCC_541\Debug\cy_systick.o
                0x10082f6c                Cy_SysTick_Init
 .text.Cy_SysTick_SetCallback
                0x10082fb0       0x1c .\CortexM4\ARM_GCC_541\Debug\cy_systick.o
                0x10082fb0                Cy_SysTick_SetCallback
 .text.Cy_SysTick_GetCallback
                0x10082fcc       0x14 .\CortexM4\ARM_GCC_541\Debug\cy_systick.o
                0x10082fcc                Cy_SysTick_GetCallback
 .text.Cy_TCPWM_Counter_Init
                0x10082fe0      0x110 .\CortexM4\ARM_GCC_541\Debug\cy_tcpwm_counter.o
                0x10082fe0                Cy_TCPWM_Counter_Init
 .text.Cy_TCPWM_PWM_Init
                0x100830f0      0x16c .\CortexM4\ARM_GCC_541\Debug\cy_tcpwm_pwm.o
                0x100830f0                Cy_TCPWM_PWM_Init
 .text.Cy_PDL_Init
                0x1008325c        0xc .\CortexM4\ARM_GCC_541\Debug\cy_device.o
                0x1008325c                Cy_PDL_Init
 .text.Cy_SAR_Init
                0x10083268      0x200 .\CortexM4\ARM_GCC_541\Debug\cy_sar.o
                0x10083268                Cy_SAR_Init
 .text.Cy_SAR_DeInit
                0x10083468       0x70 .\CortexM4\ARM_GCC_541\Debug\cy_sar.o
                0x10083468                Cy_SAR_DeInit
 .text.Cy_SAR_Enable
                0x100834d8       0x20 .\CortexM4\ARM_GCC_541\Debug\cy_sar.o
                0x100834d8                Cy_SAR_Enable
 .text.Cy_SAR_StartConvert
                0x100834f8       0x2c .\CortexM4\ARM_GCC_541\Debug\cy_sar.o
                0x100834f8                Cy_SAR_StartConvert
 .text.Cy_SAR_IsChannelSingleEnded
                0x10083524       0x34 .\CortexM4\ARM_GCC_541\Debug\cy_sar.o
                0x10083524                Cy_SAR_IsChannelSingleEnded
 .text.Cy_SAR_IsChannelSigned
                0x10083558       0x54 .\CortexM4\ARM_GCC_541\Debug\cy_sar.o
                0x10083558                Cy_SAR_IsChannelSigned
 .text.Cy_SAR_GetResult16
                0x100835ac       0x2c .\CortexM4\ARM_GCC_541\Debug\cy_sar.o
                0x100835ac                Cy_SAR_GetResult16
 .text.Cy_SAR_RawCounts2Counts
                0x100835d8       0x80 .\CortexM4\ARM_GCC_541\Debug\cy_sar.o
                0x100835d8                Cy_SAR_RawCounts2Counts
 .text.Cy_SAR_CountsTo_Volts
                0x10083658       0x6c .\CortexM4\ARM_GCC_541\Debug\cy_sar.o
                0x10083658                Cy_SAR_CountsTo_Volts
 .text._write   0x100836c4       0x24 .\CortexM4\ARM_GCC_541\Debug\retarget.o
                0x100836c4                _write
 .text._read    0x100836e8       0x2c .\CortexM4\ARM_GCC_541\Debug\retarget.o
                0x100836e8                _read
 .text.UART_1_Interrupt
                0x10083714       0x14 .\CortexM4\ARM_GCC_541\Debug\UART_1.o
 .text.UART_1_Start
                0x10083728       0x64 .\CortexM4\ARM_GCC_541\Debug\UART_1.o
                0x10083728                UART_1_Start
 .text.ADC_1_InitConfig
                0x1008378c       0x88 .\CortexM4\ARM_GCC_541\Debug\ADC_1.o
                0x1008378c                ADC_1_InitConfig
 .text.ADC_1_Init
                0x10083814       0x34 .\CortexM4\ARM_GCC_541\Debug\ADC_1.o
                0x10083814                ADC_1_Init
 .text.ADC_1_Start
                0x10083848       0x2c .\CortexM4\ARM_GCC_541\Debug\ADC_1.o
                0x10083848                ADC_1_Start
 .text.ADC_1_ISR
                0x10083874       0x30 .\CortexM4\ARM_GCC_541\Debug\ADC_1_INT.o
                0x10083874                ADC_1_ISR
 .text.PWM_Start
                0x100838a4       0x30 .\CortexM4\ARM_GCC_541\Debug\PWM.o
                0x100838a4                PWM_Start
 .text._PushFreeBlock
                0x100838d4       0x20 Generated_Source\PSoC6\pdl\middleware\emWin\libs\GCC\libemWin_nosnts_gcc.a(GUI_Alloc.o)
 .text._RemoveFreeBlock
                0x100838f4       0x44 Generated_Source\PSoC6\pdl\middleware\emWin\libs\GCC\libemWin_nosnts_gcc.a(GUI_Alloc.o)
 .text._AddFreeMemory
                0x10083938       0xa8 Generated_Source\PSoC6\pdl\middleware\emWin\libs\GCC\libemWin_nosnts_gcc.a(GUI_Alloc.o)
 .text._RemoveHoles
                0x100839e0       0x94 Generated_Source\PSoC6\pdl\middleware\emWin\libs\GCC\libemWin_nosnts_gcc.a(GUI_Alloc.o)
 .text.GUI_ALLOC_FreeFixedBlock
                0x10083a74       0x18 Generated_Source\PSoC6\pdl\middleware\emWin\libs\GCC\libemWin_nosnts_gcc.a(GUI_Alloc.o)
                0x10083a74                GUI_ALLOC_FreeFixedBlock
 .text.GUI_ALLOC_h2p
                0x10083a8c       0x14 Generated_Source\PSoC6\pdl\middleware\emWin\libs\GCC\libemWin_nosnts_gcc.a(GUI_Alloc.o)
                0x10083a8c                GUI_ALLOC_h2p
 .text.GUI_ALLOC_LockH
                0x10083aa0       0x20 Generated_Source\PSoC6\pdl\middleware\emWin\libs\GCC\libemWin_nosnts_gcc.a(GUI_Alloc.o)
                0x10083aa0                GUI_ALLOC_LockH
 .text.GUI_ALLOC_UnlockH
                0x10083ac0       0x30 Generated_Source\PSoC6\pdl\middleware\emWin\libs\GCC\libemWin_nosnts_gcc.a(GUI_Alloc.o)
                0x10083ac0                GUI_ALLOC_UnlockH
 .text.GUI_ALLOC_AssignMemory
                0x10083af0       0x10 Generated_Source\PSoC6\pdl\middleware\emWin\libs\GCC\libemWin_nosnts_gcc.a(GUI_Alloc.o)
                0x10083af0                GUI_ALLOC_AssignMemory
 .text.GUI_ALLOC_Free
                0x10083b00       0x24 Generated_Source\PSoC6\pdl\middleware\emWin\libs\GCC\libemWin_nosnts_gcc.a(GUI_Alloc.o)
                0x10083b00                GUI_ALLOC_Free
 .text._EnlargeBlocks
                0x10083b24       0x98 Generated_Source\PSoC6\pdl\middleware\emWin\libs\GCC\libemWin_nosnts_gcc.a(GUI_Alloc.o)
 .text._InitOnce
                0x10083bbc       0x6c Generated_Source\PSoC6\pdl\middleware\emWin\libs\GCC\libemWin_nosnts_gcc.a(GUI_Alloc.o)
 .text.GUI_ALLOC_GetFixedBlock
                0x10083c28       0xb8 Generated_Source\PSoC6\pdl\middleware\emWin\libs\GCC\libemWin_nosnts_gcc.a(GUI_Alloc.o)
                0x10083c28                GUI_ALLOC_GetFixedBlock
 .text._Alloc   0x10083ce0      0x100 Generated_Source\PSoC6\pdl\middleware\emWin\libs\GCC\libemWin_nosnts_gcc.a(GUI_Alloc.o)
 .text.GUI_ALLOC_AllocNoInit
                0x10083de0       0x12 Generated_Source\PSoC6\pdl\middleware\emWin\libs\GCC\libemWin_nosnts_gcc.a(GUI_Alloc.o)
                0x10083de0                GUI_ALLOC_AllocNoInit
 *fill*         0x10083df2        0x2 
 .text.GUI_ALLOC_AllocZero
                0x10083df4       0x2c Generated_Source\PSoC6\pdl\middleware\emWin\libs\GCC\libemWin_nosnts_gcc.a(GUI_Alloc.o)
                0x10083df4                GUI_ALLOC_AllocZero
 .text.GUIMONO_DispChar
                0x10083e20      0x14c Generated_Source\PSoC6\pdl\middleware\emWin\libs\GCC\libemWin_nosnts_gcc.a(GUI_CharM.o)
                0x10083e20                GUIMONO_DispChar
 .text.GUIMONO_GetCharDistX
                0x10083f6c       0x18 Generated_Source\PSoC6\pdl\middleware\emWin\libs\GCC\libemWin_nosnts_gcc.a(GUI_CharM.o)
                0x10083f6c                GUIMONO_GetCharDistX
 .text.GUIMONO_GetFontInfo
                0x10083f84        0x6 Generated_Source\PSoC6\pdl\middleware\emWin\libs\GCC\libemWin_nosnts_gcc.a(GUI_CharM.o)
                0x10083f84                GUIMONO_GetFontInfo
 .text.GUIMONO_IsInFont
                0x10083f8a       0x36 Generated_Source\PSoC6\pdl\middleware\emWin\libs\GCC\libemWin_nosnts_gcc.a(GUI_CharM.o)
                0x10083f8a                GUIMONO_IsInFont
 .text.GUIPROP__FindChar
                0x10083fc0       0x16 Generated_Source\PSoC6\pdl\middleware\emWin\libs\GCC\libemWin_nosnts_gcc.a(GUI_CharP.o)
                0x10083fc0                GUIPROP__FindChar
 *fill*         0x10083fd6        0x2 
 .text.GUIPROP_DispChar
                0x10083fd8       0xd4 Generated_Source\PSoC6\pdl\middleware\emWin\libs\GCC\libemWin_nosnts_gcc.a(GUI_CharP.o)
                0x10083fd8                GUIPROP_DispChar
 .text.GUIPROP_GetCharDistX
                0x100840ac       0x38 Generated_Source\PSoC6\pdl\middleware\emWin\libs\GCC\libemWin_nosnts_gcc.a(GUI_CharP.o)
                0x100840ac                GUIPROP_GetCharDistX
 .text.GUIPROP_GetFontInfo
                0x100840e4        0x6 Generated_Source\PSoC6\pdl\middleware\emWin\libs\GCC\libemWin_nosnts_gcc.a(GUI_CharP.o)
                0x100840e4                GUIPROP_GetFontInfo
 .text.GUIPROP_IsInFont
                0x100840ea       0x10 Generated_Source\PSoC6\pdl\middleware\emWin\libs\GCC\libemWin_nosnts_gcc.a(GUI_CharP.o)
                0x100840ea                GUIPROP_IsInFont
 *fill*         0x100840fa        0x2 
 .text._DrawTextLine
                0x100840fc       0x98 Generated_Source\PSoC6\pdl\middleware\emWin\libs\GCC\libemWin_nosnts_gcc.a(GUI_Common.o)
 .text._cbDrawTextLine
                0x10084194       0x18 Generated_Source\PSoC6\pdl\middleware\emWin\libs\GCC\libemWin_nosnts_gcc.a(GUI_Common.o)
 .text._cbDrawTextStyle
                0x100841ac       0x24 Generated_Source\PSoC6\pdl\middleware\emWin\libs\GCC\libemWin_nosnts_gcc.a(GUI_Common.o)
 .text.GUI_CalcColorDist
                0x100841d0       0x54 Generated_Source\PSoC6\pdl\middleware\emWin\libs\GCC\libemWin_nosnts_gcc.a(GUI_Common.o)
                0x100841d0                GUI_CalcColorDist
 .text.GUI_GetBkColor
                0x10084224        0xc Generated_Source\PSoC6\pdl\middleware\emWin\libs\GCC\libemWin_nosnts_gcc.a(GUI_Common.o)
                0x10084224                GUI_GetBkColor
 .text.GUI_GetColor
                0x10084230        0xc Generated_Source\PSoC6\pdl\middleware\emWin\libs\GCC\libemWin_nosnts_gcc.a(GUI_Common.o)
                0x10084230                GUI_GetColor
 .text.GUI_MergeRect
                0x1008423c       0x62 Generated_Source\PSoC6\pdl\middleware\emWin\libs\GCC\libemWin_nosnts_gcc.a(GUI_Common.o)
                0x1008423c                GUI_MergeRect
 .text.GUI_MoveRect
                0x1008429e       0x22 Generated_Source\PSoC6\pdl\middleware\emWin\libs\GCC\libemWin_nosnts_gcc.a(GUI_Common.o)
                0x1008429e                GUI_MoveRect
 .text.GUI_GotoXY
                0x100842c0       0x10 Generated_Source\PSoC6\pdl\middleware\emWin\libs\GCC\libemWin_nosnts_gcc.a(GUI_Common.o)
                0x100842c0                GUI_GotoXY
 .text.GUI_RectsIntersect
                0x100842d0       0x3c Generated_Source\PSoC6\pdl\middleware\emWin\libs\GCC\libemWin_nosnts_gcc.a(GUI_Common.o)
                0x100842d0                GUI_RectsIntersect
 .text.GUI_SelectLCD
                0x1008430c       0x10 Generated_Source\PSoC6\pdl\middleware\emWin\libs\GCC\libemWin_nosnts_gcc.a(GUI_Common.o)
                0x1008430c                GUI_SelectLCD
 .text.GUI_SetBkColor
                0x1008431c        0x8 Generated_Source\PSoC6\pdl\middleware\emWin\libs\GCC\libemWin_nosnts_gcc.a(GUI_Common.o)
                0x1008431c                GUI_SetBkColor
 .text.GUI_SetColor
                0x10084324        0x8 Generated_Source\PSoC6\pdl\middleware\emWin\libs\GCC\libemWin_nosnts_gcc.a(GUI_Common.o)
                0x10084324                GUI_SetColor
 .text.GUI_SetDrawMode
                0x1008432c        0x8 Generated_Source\PSoC6\pdl\middleware\emWin\libs\GCC\libemWin_nosnts_gcc.a(GUI_Common.o)
                0x1008432c                GUI_SetDrawMode
 .text.GUI_SetFont
                0x10084334       0x14 Generated_Source\PSoC6\pdl\middleware\emWin\libs\GCC\libemWin_nosnts_gcc.a(GUI_Common.o)
                0x10084334                GUI_SetFont
 .text.GUI_SetOrg
                0x10084348       0x34 Generated_Source\PSoC6\pdl\middleware\emWin\libs\GCC\libemWin_nosnts_gcc.a(GUI_Common.o)
                0x10084348                GUI_SetOrg
 .text.GUI_SetTextAlign
                0x1008437c       0x14 Generated_Source\PSoC6\pdl\middleware\emWin\libs\GCC\libemWin_nosnts_gcc.a(GUI_Common.o)
                0x1008437c                GUI_SetTextAlign
 .text.GUI_SetTextMode
                0x10084390       0x14 Generated_Source\PSoC6\pdl\middleware\emWin\libs\GCC\libemWin_nosnts_gcc.a(GUI_Common.o)
                0x10084390                GUI_SetTextMode
 .text.GUI_SetTextStyle
                0x100843a4       0x38 Generated_Source\PSoC6\pdl\middleware\emWin\libs\GCC\libemWin_nosnts_gcc.a(GUI_Common.o)
                0x100843a4                GUI_SetTextStyle
 .text._OnExit  0x100843dc       0x44 Generated_Source\PSoC6\pdl\middleware\emWin\libs\GCC\libemWin_nosnts_gcc.a(GUI_Core.o)
 .text.GUI_SetDefaultFont
                0x10084420        0xc Generated_Source\PSoC6\pdl\middleware\emWin\libs\GCC\libemWin_nosnts_gcc.a(GUI_Core.o)
                0x10084420                GUI_SetDefaultFont
 .text.GUI_ClearRect
                0x1008442c       0x5c Generated_Source\PSoC6\pdl\middleware\emWin\libs\GCC\libemWin_nosnts_gcc.a(GUI_Core.o)
                0x1008442c                GUI_ClearRect
 .text.GUI_Clear
                0x10084488       0x20 Generated_Source\PSoC6\pdl\middleware\emWin\libs\GCC\libemWin_nosnts_gcc.a(GUI_Core.o)
                0x10084488                GUI_Clear
 .text.GUI__RegisterExit
                0x100844a8       0x10 Generated_Source\PSoC6\pdl\middleware\emWin\libs\GCC\libemWin_nosnts_gcc.a(GUI_Core.o)
                0x100844a8                GUI__RegisterExit
 .text.GUI__Config
                0x100844b8       0x30 Generated_Source\PSoC6\pdl\middleware\emWin\libs\GCC\libemWin_nosnts_gcc.a(GUI_Core.o)
                0x100844b8                GUI__Config
 .text.GUI_Init
                0x100844e8       0xf8 Generated_Source\PSoC6\pdl\middleware\emWin\libs\GCC\libemWin_nosnts_gcc.a(GUI_Core.o)
                0x100844e8                GUI_Init
 .text.GUI_DEVICE__GetpDriver
                0x100845e0       0x24 Generated_Source\PSoC6\pdl\middleware\emWin\libs\GCC\libemWin_nosnts_gcc.a(GUI_Device.o)
                0x100845e0                GUI_DEVICE__GetpDriver
 .text.GUI_DEVICE_Delete
                0x10084604        0x8 Generated_Source\PSoC6\pdl\middleware\emWin\libs\GCC\libemWin_nosnts_gcc.a(GUI_Device.o)
                0x10084604                GUI_DEVICE_Delete
 .text.GUI_DEVICE_Create
                0x1008460c       0x50 Generated_Source\PSoC6\pdl\middleware\emWin\libs\GCC\libemWin_nosnts_gcc.a(GUI_Device.o)
                0x1008460c                GUI_DEVICE_Create
 .text.GUI_DEVICE_Unlink
                0x1008465c       0x38 Generated_Source\PSoC6\pdl\middleware\emWin\libs\GCC\libemWin_nosnts_gcc.a(GUI_Device.o)
                0x1008465c                GUI_DEVICE_Unlink
 .text.GUI_DEVICE_Link
                0x10084694       0x8c Generated_Source\PSoC6\pdl\middleware\emWin\libs\GCC\libemWin_nosnts_gcc.a(GUI_Device.o)
                0x10084694                GUI_DEVICE_Link
 .text.GUI_DEVICE_CreateAndLink
                0x10084720       0x2c Generated_Source\PSoC6\pdl\middleware\emWin\libs\GCC\libemWin_nosnts_gcc.a(GUI_Device.o)
                0x10084720                GUI_DEVICE_CreateAndLink
 .text.GUI_DispString
                0x1008474c      0x110 Generated_Source\PSoC6\pdl\middleware\emWin\libs\GCC\libemWin_nosnts_gcc.a(GUI_DispString.o)
                0x1008474c                GUI_DispString
 .text.GUI_DispStringAt
                0x1008485c       0x14 Generated_Source\PSoC6\pdl\middleware\emWin\libs\GCC\libemWin_nosnts_gcc.a(GUI_DispString.o)
                0x1008485c                GUI_DispStringAt
 .text.GL_DrawBitmap
                0x10084870       0xa0 Generated_Source\PSoC6\pdl\middleware\emWin\libs\GCC\libemWin_nosnts_gcc.a(GUI_DrawBitmap.o)
                0x10084870                GL_DrawBitmap
 .text.GUI_DrawBitmap
                0x10084910       0x48 Generated_Source\PSoC6\pdl\middleware\emWin\libs\GCC\libemWin_nosnts_gcc.a(GUI_DrawBitmap.o)
                0x10084910                GUI_DrawBitmap
 .text.GUI_StoreKey
                0x10084958       0x18 Generated_Source\PSoC6\pdl\middleware\emWin\libs\GCC\libemWin_nosnts_gcc.a(GUI_OnKey.o)
                0x10084958                GUI_StoreKey
 .text.GUI_UC__GetCharCodeInc
                0x10084970       0x28 Generated_Source\PSoC6\pdl\middleware\emWin\libs\GCC\libemWin_nosnts_gcc.a(GUI_UC.o)
                0x10084970                GUI_UC__GetCharCodeInc
 .text.GUI_UC__NumChars2NumBytes
                0x10084998       0x28 Generated_Source\PSoC6\pdl\middleware\emWin\libs\GCC\libemWin_nosnts_gcc.a(GUI_UC.o)
                0x10084998                GUI_UC__NumChars2NumBytes
 .text._GetCharCode
                0x100849c0        0x4 Generated_Source\PSoC6\pdl\middleware\emWin\libs\GCC\libemWin_nosnts_gcc.a(GUI_UC_EncodeNone.o)
 .text._GetCharSize
                0x100849c4        0x4 Generated_Source\PSoC6\pdl\middleware\emWin\libs\GCC\libemWin_nosnts_gcc.a(GUI_UC_EncodeNone.o)
 .text._CalcSizeOfChar
                0x100849c8        0x4 Generated_Source\PSoC6\pdl\middleware\emWin\libs\GCC\libemWin_nosnts_gcc.a(GUI_UC_EncodeNone.o)
 .text._Encode  0x100849cc        0x6 Generated_Source\PSoC6\pdl\middleware\emWin\libs\GCC\libemWin_nosnts_gcc.a(GUI_UC_EncodeNone.o)
 *fill*         0x100849d2        0x2 
 .text.GUI_SignalEvent
                0x100849d4       0x14 Generated_Source\PSoC6\pdl\middleware\emWin\libs\GCC\libemWin_nosnts_gcc.a(GUI_WaitEvent.o)
                0x100849d4                GUI_SignalEvent
 .text.LCD_Color2Index_1
                0x100849e8       0x28 Generated_Source\PSoC6\pdl\middleware\emWin\libs\GCC\libemWin_nosnts_gcc.a(GUICC_1.o)
 .text._Index2Color_1
                0x10084a10        0xc Generated_Source\PSoC6\pdl\middleware\emWin\libs\GCC\libemWin_nosnts_gcc.a(GUICC_1.o)
 .text._GetIndexMask_1
                0x10084a1c        0x4 Generated_Source\PSoC6\pdl\middleware\emWin\libs\GCC\libemWin_nosnts_gcc.a(GUICC_1.o)
 .text._SetPixelIndex
                0x10084a20       0x80 Generated_Source\PSoC6\pdl\middleware\emWin\libs\GCC\libemWin_nosnts_gcc.a(GUIDRV_BitPlains.o)
 .text._GetPixelIndex
                0x10084aa0       0x5c Generated_Source\PSoC6\pdl\middleware\emWin\libs\GCC\libemWin_nosnts_gcc.a(GUIDRV_BitPlains.o)
 .text._XorPixel
                0x10084afc       0x24 Generated_Source\PSoC6\pdl\middleware\emWin\libs\GCC\libemWin_nosnts_gcc.a(GUIDRV_BitPlains.o)
 .text._DrawHLine
                0x10084b20      0x2b0 Generated_Source\PSoC6\pdl\middleware\emWin\libs\GCC\libemWin_nosnts_gcc.a(GUIDRV_BitPlains.o)
 .text._FillRect
                0x10084dd0       0x22 Generated_Source\PSoC6\pdl\middleware\emWin\libs\GCC\libemWin_nosnts_gcc.a(GUIDRV_BitPlains.o)
 .text._GetRect
                0x10084df2       0x16 Generated_Source\PSoC6\pdl\middleware\emWin\libs\GCC\libemWin_nosnts_gcc.a(GUIDRV_BitPlains.o)
 .text._GetDevProp
                0x10084e08       0x46 Generated_Source\PSoC6\pdl\middleware\emWin\libs\GCC\libemWin_nosnts_gcc.a(GUIDRV_BitPlains.o)
 *fill*         0x10084e4e        0x2 
 .text._GetDevFunc
                0x10084e50       0x14 Generated_Source\PSoC6\pdl\middleware\emWin\libs\GCC\libemWin_nosnts_gcc.a(GUIDRV_BitPlains.o)
 .text._GetDevData
                0x10084e64       0x38 Generated_Source\PSoC6\pdl\middleware\emWin\libs\GCC\libemWin_nosnts_gcc.a(GUIDRV_BitPlains.o)
 .text._Off     0x10084e9c        0xe Generated_Source\PSoC6\pdl\middleware\emWin\libs\GCC\libemWin_nosnts_gcc.a(GUIDRV_BitPlains.o)
 .text._On      0x10084eaa        0xe Generated_Source\PSoC6\pdl\middleware\emWin\libs\GCC\libemWin_nosnts_gcc.a(GUIDRV_BitPlains.o)
 .text._SetOrg  0x10084eb8       0x22 Generated_Source\PSoC6\pdl\middleware\emWin\libs\GCC\libemWin_nosnts_gcc.a(GUIDRV_BitPlains.o)
 *fill*         0x10084eda        0x2 
 .text._DrawVLine
                0x10084edc       0x48 Generated_Source\PSoC6\pdl\middleware\emWin\libs\GCC\libemWin_nosnts_gcc.a(GUIDRV_BitPlains.o)
 .text._DrawBitmap
                0x10084f24      0x8d8 Generated_Source\PSoC6\pdl\middleware\emWin\libs\GCC\libemWin_nosnts_gcc.a(GUIDRV_BitPlains.o)
 .text._InitOnce.isra.2
                0x100857fc       0x2c Generated_Source\PSoC6\pdl\middleware\emWin\libs\GCC\libemWin_nosnts_gcc.a(GUIDRV_BitPlains.o)
 .text._Init    0x10085828       0x1a Generated_Source\PSoC6\pdl\middleware\emWin\libs\GCC\libemWin_nosnts_gcc.a(GUIDRV_BitPlains.o)
 .text._SetSize
                0x10085842       0x3c Generated_Source\PSoC6\pdl\middleware\emWin\libs\GCC\libemWin_nosnts_gcc.a(GUIDRV_BitPlains.o)
 .text._SetVSize
                0x1008587e       0x1c Generated_Source\PSoC6\pdl\middleware\emWin\libs\GCC\libemWin_nosnts_gcc.a(GUIDRV_BitPlains.o)
 .text._SetVRAMAddr
                0x1008589a       0x40 Generated_Source\PSoC6\pdl\middleware\emWin\libs\GCC\libemWin_nosnts_gcc.a(GUIDRV_BitPlains.o)
 .text.GUIDRV_BitPlains_Config
                0x100858da       0x18 Generated_Source\PSoC6\pdl\middleware\emWin\libs\GCC\libemWin_nosnts_gcc.a(GUIDRV_BitPlains.o)
                0x100858da                GUIDRV_BitPlains_Config
 *fill*         0x100858f2        0x2 
 .text._SetDrawMode
                0x100858f4       0x28 Generated_Source\PSoC6\pdl\middleware\emWin\libs\GCC\libemWin_nosnts_gcc.a(LCD.o)
 .text.LCD_SetDrawMode
                0x1008591c       0x10 Generated_Source\PSoC6\pdl\middleware\emWin\libs\GCC\libemWin_nosnts_gcc.a(LCD.o)
                0x1008591c                LCD_SetDrawMode
 .text.LCD_DrawPixel
                0x1008592c       0x5c Generated_Source\PSoC6\pdl\middleware\emWin\libs\GCC\libemWin_nosnts_gcc.a(LCD.o)
                0x1008592c                LCD_DrawPixel
 .text.LCD_DrawHLine
                0x10085988       0x4c Generated_Source\PSoC6\pdl\middleware\emWin\libs\GCC\libemWin_nosnts_gcc.a(LCD.o)
                0x10085988                LCD_DrawHLine
 .text.LCD_FillRect
                0x100859d4       0x54 Generated_Source\PSoC6\pdl\middleware\emWin\libs\GCC\libemWin_nosnts_gcc.a(LCD.o)
                0x100859d4                LCD_FillRect
 .text.LCD__DrawBitmap_1bpp
                0x10085a28      0x1cc Generated_Source\PSoC6\pdl\middleware\emWin\libs\GCC\libemWin_nosnts_gcc.a(LCD.o)
                0x10085a28                LCD__DrawBitmap_1bpp
 .text.LCD_DrawBitmap
                0x10085bf4      0x20c Generated_Source\PSoC6\pdl\middleware\emWin\libs\GCC\libemWin_nosnts_gcc.a(LCD.o)
                0x10085bf4                LCD_DrawBitmap
 .text.LCD_SetClipRectMax
                0x10085e00       0x20 Generated_Source\PSoC6\pdl\middleware\emWin\libs\GCC\libemWin_nosnts_gcc.a(LCD.o)
                0x10085e00                LCD_SetClipRectMax
 .text.LCD_Init
                0x10085e20       0x94 Generated_Source\PSoC6\pdl\middleware\emWin\libs\GCC\libemWin_nosnts_gcc.a(LCD.o)
                0x10085e20                LCD_Init
 .text.LCD_Color2Index
                0x10085eb4       0x20 Generated_Source\PSoC6\pdl\middleware\emWin\libs\GCC\libemWin_nosnts_gcc.a(LCD.o)
                0x10085eb4                LCD_Color2Index
 .text.LCD_Index2Color
                0x10085ed4       0x20 Generated_Source\PSoC6\pdl\middleware\emWin\libs\GCC\libemWin_nosnts_gcc.a(LCD.o)
                0x10085ed4                LCD_Index2Color
 .text.LCD_SetColorIndex
                0x10085ef4       0x18 Generated_Source\PSoC6\pdl\middleware\emWin\libs\GCC\libemWin_nosnts_gcc.a(LCD.o)
                0x10085ef4                LCD_SetColorIndex
 .text._SetColor
                0x10085f0c       0x1c Generated_Source\PSoC6\pdl\middleware\emWin\libs\GCC\libemWin_nosnts_gcc.a(LCD.o)
 .text.LCD_SetBkColorIndex
                0x10085f28       0x18 Generated_Source\PSoC6\pdl\middleware\emWin\libs\GCC\libemWin_nosnts_gcc.a(LCD.o)
                0x10085f28                LCD_SetBkColorIndex
 .text._SetBkColor
                0x10085f40       0x1c Generated_Source\PSoC6\pdl\middleware\emWin\libs\GCC\libemWin_nosnts_gcc.a(LCD.o)
 .text.LCD_SetBkColor
                0x10085f5c       0x10 Generated_Source\PSoC6\pdl\middleware\emWin\libs\GCC\libemWin_nosnts_gcc.a(LCD.o)
                0x10085f5c                LCD_SetBkColor
 .text.LCD_SetColor
                0x10085f6c       0x10 Generated_Source\PSoC6\pdl\middleware\emWin\libs\GCC\libemWin_nosnts_gcc.a(LCD.o)
                0x10085f6c                LCD_SetColor
 .text._OnExit  0x10085f7c       0x1c Generated_Source\PSoC6\pdl\middleware\emWin\libs\GCC\libemWin_nosnts_gcc.a(LCD_Color.o)
 .text.LCD_InitColors
                0x10085f98       0x40 Generated_Source\PSoC6\pdl\middleware\emWin\libs\GCC\libemWin_nosnts_gcc.a(LCD_Color.o)
                0x10085f98                LCD_InitColors
 .text.LCD_GetpPalConvTableUncached
                0x10085fd8       0x68 Generated_Source\PSoC6\pdl\middleware\emWin\libs\GCC\libemWin_nosnts_gcc.a(LCD_Color.o)
                0x10085fd8                LCD_GetpPalConvTableUncached
 .text.LCD_GetpPalConvTableBM
                0x10086040        0x8 Generated_Source\PSoC6\pdl\middleware\emWin\libs\GCC\libemWin_nosnts_gcc.a(LCD_Color.o)
                0x10086040                LCD_GetpPalConvTableBM
 .text.LCD_InitLUT
                0x10086048       0x7c Generated_Source\PSoC6\pdl\middleware\emWin\libs\GCC\libemWin_nosnts_gcc.a(LCD_Color.o)
                0x10086048                LCD_InitLUT
 .text.LCD_GetBkColorIndex
                0x100860c4       0x10 Generated_Source\PSoC6\pdl\middleware\emWin\libs\GCC\libemWin_nosnts_gcc.a(LCD_GetColorIndex.o)
                0x100860c4                LCD_GetBkColorIndex
 .text.LCD_GetColorIndex
                0x100860d4       0x10 Generated_Source\PSoC6\pdl\middleware\emWin\libs\GCC\libemWin_nosnts_gcc.a(LCD_GetColorIndex.o)
                0x100860d4                LCD_GetColorIndex
 .text._GetDevProp.part.0
                0x100860e4       0x16 Generated_Source\PSoC6\pdl\middleware\emWin\libs\GCC\libemWin_nosnts_gcc.a(LCD_GetEx.o)
 .text._GetDevProp
                0x100860fa       0x12 Generated_Source\PSoC6\pdl\middleware\emWin\libs\GCC\libemWin_nosnts_gcc.a(LCD_GetEx.o)
 .text._GetMaxValue
                0x1008610c       0x12 Generated_Source\PSoC6\pdl\middleware\emWin\libs\GCC\libemWin_nosnts_gcc.a(LCD_GetEx.o)
 .text.LCD_GetBitsPerPixelEx
                0x1008611e        0xa Generated_Source\PSoC6\pdl\middleware\emWin\libs\GCC\libemWin_nosnts_gcc.a(LCD_GetEx.o)
                0x1008611e                LCD_GetBitsPerPixelEx
 .text.LCD_GetNumColorsEx
                0x10086128        0xa Generated_Source\PSoC6\pdl\middleware\emWin\libs\GCC\libemWin_nosnts_gcc.a(LCD_GetEx.o)
                0x10086128                LCD_GetNumColorsEx
 .text.LCD_GetSwapXYEx
                0x10086132        0xa Generated_Source\PSoC6\pdl\middleware\emWin\libs\GCC\libemWin_nosnts_gcc.a(LCD_GetEx.o)
                0x10086132                LCD_GetSwapXYEx
 .text.LCD_GetNumColors
                0x1008613c       0x14 Generated_Source\PSoC6\pdl\middleware\emWin\libs\GCC\libemWin_nosnts_gcc.a(LCD_GetEx.o)
                0x1008613c                LCD_GetNumColors
 .text.LCD_GetSwapXY
                0x10086150       0x14 Generated_Source\PSoC6\pdl\middleware\emWin\libs\GCC\libemWin_nosnts_gcc.a(LCD_GetEx.o)
                0x10086150                LCD_GetSwapXY
 .text.GUI_GetBitsPerPixelEx
                0x10086164       0x18 Generated_Source\PSoC6\pdl\middleware\emWin\libs\GCC\libemWin_nosnts_gcc.a(LCD_GetEx.o)
                0x10086164                GUI_GetBitsPerPixelEx
 .text.LCD_GetPaletteEx
                0x1008617c       0x14 Generated_Source\PSoC6\pdl\middleware\emWin\libs\GCC\libemWin_nosnts_gcc.a(LCD_GetEx.o)
                0x1008617c                LCD_GetPaletteEx
 .text.LCD_GetPalette
                0x10086190       0x14 Generated_Source\PSoC6\pdl\middleware\emWin\libs\GCC\libemWin_nosnts_gcc.a(LCD_GetEx.o)
                0x10086190                LCD_GetPalette
 .text.GUI_GetpfIndex2ColorEx
                0x100861a4       0x10 Generated_Source\PSoC6\pdl\middleware\emWin\libs\GCC\libemWin_nosnts_gcc.a(LCD_GetEx.o)
                0x100861a4                GUI_GetpfIndex2ColorEx
 .text.GUI_GetpfColor2IndexEx
                0x100861b4       0x10 Generated_Source\PSoC6\pdl\middleware\emWin\libs\GCC\libemWin_nosnts_gcc.a(LCD_GetEx.o)
                0x100861b4                GUI_GetpfColor2IndexEx
 .text.LCD_GetXSizeMax
                0x100861c4        0xa Generated_Source\PSoC6\pdl\middleware\emWin\libs\GCC\libemWin_nosnts_gcc.a(LCD_GetEx.o)
                0x100861c4                LCD_GetXSizeMax
 .text.LCD_GetYSizeMax
                0x100861ce        0xa Generated_Source\PSoC6\pdl\middleware\emWin\libs\GCC\libemWin_nosnts_gcc.a(LCD_GetEx.o)
                0x100861ce                LCD_GetYSizeMax
 .text.LCD_SetDisplaySize
                0x100861d8        0xc Generated_Source\PSoC6\pdl\middleware\emWin\libs\GCC\libemWin_nosnts_gcc.a(LCD_GetEx.o)
                0x100861d8                LCD_SetDisplaySize
 .text.LCD_GetXSizeDisplay
                0x100861e4        0xc Generated_Source\PSoC6\pdl\middleware\emWin\libs\GCC\libemWin_nosnts_gcc.a(LCD_GetEx.o)
                0x100861e4                LCD_GetXSizeDisplay
 .text.LCD_GetYSizeDisplay
                0x100861f0        0xc Generated_Source\PSoC6\pdl\middleware\emWin\libs\GCC\libemWin_nosnts_gcc.a(LCD_GetEx.o)
                0x100861f0                LCD_GetYSizeDisplay
 .text.LCD__GetBPP
                0x100861fc       0x72 Generated_Source\PSoC6\pdl\middleware\emWin\libs\GCC\libemWin_nosnts_gcc.a(LCD_GetEx.o)
                0x100861fc                LCD__GetBPP
 .text.LCD__GetBPPDevice
                0x1008626e       0x2a Generated_Source\PSoC6\pdl\middleware\emWin\libs\GCC\libemWin_nosnts_gcc.a(LCD_GetEx.o)
                0x1008626e                LCD__GetBPPDevice
 .text.LCD_GetNumLayers
                0x10086298        0xe Generated_Source\PSoC6\pdl\middleware\emWin\libs\GCC\libemWin_nosnts_gcc.a(LCD_GetNumDisplays.o)
                0x10086298                LCD_GetNumLayers
 *fill*         0x100862a6        0x2 
 .text.LCD_SelectLCD
                0x100862a8       0x44 Generated_Source\PSoC6\pdl\middleware\emWin\libs\GCC\libemWin_nosnts_gcc.a(LCD_SelectLCD.o)
                0x100862a8                LCD_SelectLCD
 .text.LCD_SetLUTEntryEx
                0x100862ec       0x2e Generated_Source\PSoC6\pdl\middleware\emWin\libs\GCC\libemWin_nosnts_gcc.a(LCD_Set.o)
                0x100862ec                LCD_SetLUTEntryEx
 .text.LCD_SetSizeEx
                0x1008631a       0x2e Generated_Source\PSoC6\pdl\middleware\emWin\libs\GCC\libemWin_nosnts_gcc.a(LCD_Set.o)
                0x1008631a                LCD_SetSizeEx
 .text.LCD_SetVRAMAddrEx
                0x10086348       0x2a Generated_Source\PSoC6\pdl\middleware\emWin\libs\GCC\libemWin_nosnts_gcc.a(LCD_Set.o)
                0x10086348                LCD_SetVRAMAddrEx
 .text.LCD_SetVSizeEx
                0x10086372       0x2e Generated_Source\PSoC6\pdl\middleware\emWin\libs\GCC\libemWin_nosnts_gcc.a(LCD_Set.o)
                0x10086372                LCD_SetVSizeEx
 .text.LCD_UpdateColorIndices
                0x100863a0       0x24 Generated_Source\PSoC6\pdl\middleware\emWin\libs\GCC\libemWin_nosnts_gcc.a(LCD_UpdateColorIndices.o)
                0x100863a0                LCD_UpdateColorIndices
 .text._OnExit  0x100863c4       0x88 Generated_Source\PSoC6\pdl\middleware\emWin\libs\GCC\libemWin_nosnts_gcc.a(WM.o)
 .text._Findy1  0x1008644c       0xb4 Generated_Source\PSoC6\pdl\middleware\emWin\libs\GCC\libemWin_nosnts_gcc.a(WM.o)
 .text._Findx0  0x10086500       0x8a Generated_Source\PSoC6\pdl\middleware\emWin\libs\GCC\libemWin_nosnts_gcc.a(WM.o)
 .text._Findx1  0x1008658a       0x7c Generated_Source\PSoC6\pdl\middleware\emWin\libs\GCC\libemWin_nosnts_gcc.a(WM.o)
 *fill*         0x10086606        0x2 
 .text.WM__ClipAtParentBorders
                0x10086608       0x54 Generated_Source\PSoC6\pdl\middleware\emWin\libs\GCC\libemWin_nosnts_gcc.a(WM.o)
                0x10086608                WM__ClipAtParentBorders
 .text.WM__InsertWindowIntoList
                0x1008665c       0xaa Generated_Source\PSoC6\pdl\middleware\emWin\libs\GCC\libemWin_nosnts_gcc.a(WM.o)
                0x1008665c                WM__InsertWindowIntoList
 .text.WM__Client2Screen
                0x10086706       0x14 Generated_Source\PSoC6\pdl\middleware\emWin\libs\GCC\libemWin_nosnts_gcc.a(WM.o)
                0x10086706                WM__Client2Screen
 *fill*         0x1008671a        0x2 
 .text._SetClipRectUserIntersect
                0x1008671c       0x50 Generated_Source\PSoC6\pdl\middleware\emWin\libs\GCC\libemWin_nosnts_gcc.a(WM.o)
 .text.WM__ActivateClipRect
                0x1008676c       0x50 Generated_Source\PSoC6\pdl\middleware\emWin\libs\GCC\libemWin_nosnts_gcc.a(WM.o)
                0x1008676c                WM__ActivateClipRect
 .text.WM__InvalidateDrawAndDescs
                0x100867bc       0x54 Generated_Source\PSoC6\pdl\middleware\emWin\libs\GCC\libemWin_nosnts_gcc.a(WM.o)
                0x100867bc                WM__InvalidateDrawAndDescs
 .text.WM__RectIsNZ
                0x10086810       0x22 Generated_Source\PSoC6\pdl\middleware\emWin\libs\GCC\libemWin_nosnts_gcc.a(WM.o)
                0x10086810                WM__RectIsNZ
 *fill*         0x10086832        0x2 
 .text._Invalidate1Abs
                0x10086834       0x88 Generated_Source\PSoC6\pdl\middleware\emWin\libs\GCC\libemWin_nosnts_gcc.a(WM.o)
 .text.WM__Invalidate1Abs
                0x100868bc        0xa Generated_Source\PSoC6\pdl\middleware\emWin\libs\GCC\libemWin_nosnts_gcc.a(WM.o)
                0x100868bc                WM__Invalidate1Abs
 .text.WM_InvalidateWindowAndDescsEx
                0x100868c6       0x60 Generated_Source\PSoC6\pdl\middleware\emWin\libs\GCC\libemWin_nosnts_gcc.a(WM.o)
                0x100868c6                WM_InvalidateWindowAndDescsEx
 *fill*         0x10086926        0x2 
 .text.WM__InvalidateRect
                0x10086928       0x80 Generated_Source\PSoC6\pdl\middleware\emWin\libs\GCC\libemWin_nosnts_gcc.a(WM.o)
                0x10086928                WM__InvalidateRect
 .text.WM__InvalidateRectEx
                0x100869a8        0xa Generated_Source\PSoC6\pdl\middleware\emWin\libs\GCC\libemWin_nosnts_gcc.a(WM.o)
                0x100869a8                WM__InvalidateRectEx
 .text.WM__SendMsgNoData
                0x100869b2       0x10 Generated_Source\PSoC6\pdl\middleware\emWin\libs\GCC\libemWin_nosnts_gcc.a(WM.o)
                0x100869b2                WM__SendMsgNoData
 .text.WM__GetClientRectWin
                0x100869c2       0x18 Generated_Source\PSoC6\pdl\middleware\emWin\libs\GCC\libemWin_nosnts_gcc.a(WM.o)
                0x100869c2                WM__GetClientRectWin
 *fill*         0x100869da        0x2 
 .text.WM_InvalidateRect
                0x100869dc       0x80 Generated_Source\PSoC6\pdl\middleware\emWin\libs\GCC\libemWin_nosnts_gcc.a(WM.o)
                0x100869dc                WM_InvalidateRect
 .text.WM_InvalidateWindow
                0x10086a5c        0xa Generated_Source\PSoC6\pdl\middleware\emWin\libs\GCC\libemWin_nosnts_gcc.a(WM.o)
                0x10086a5c                WM_InvalidateWindow
 *fill*         0x10086a66        0x2 
 .text.WM_SelectWindow
                0x10086a68       0x38 Generated_Source\PSoC6\pdl\middleware\emWin\libs\GCC\libemWin_nosnts_gcc.a(WM.o)
                0x10086a68                WM_SelectWindow
 .text.WM_CreateWindowAsChild
                0x10086aa0      0x144 Generated_Source\PSoC6\pdl\middleware\emWin\libs\GCC\libemWin_nosnts_gcc.a(WM.o)
                0x10086aa0                WM_CreateWindowAsChild
 .text.WM_CreateWindow
                0x10086be4       0x1a Generated_Source\PSoC6\pdl\middleware\emWin\libs\GCC\libemWin_nosnts_gcc.a(WM.o)
                0x10086be4                WM_CreateWindow
 *fill*         0x10086bfe        0x2 
 .text.WM__GetNextIVR
                0x10086c00      0x160 Generated_Source\PSoC6\pdl\middleware\emWin\libs\GCC\libemWin_nosnts_gcc.a(WM.o)
                0x10086c00                WM__GetNextIVR
 .text.WM__InitIVRSearch
                0x10086d60      0x100 Generated_Source\PSoC6\pdl\middleware\emWin\libs\GCC\libemWin_nosnts_gcc.a(WM.o)
                0x10086d60                WM__InitIVRSearch
 .text.WM_Activate
                0x10086e60       0x10 Generated_Source\PSoC6\pdl\middleware\emWin\libs\GCC\libemWin_nosnts_gcc.a(WM.o)
                0x10086e60                WM_Activate
 .text.WM_DefaultProc
                0x10086e70       0x48 Generated_Source\PSoC6\pdl\middleware\emWin\libs\GCC\libemWin_nosnts_gcc.a(WM.o)
                0x10086e70                WM_DefaultProc
 .text._cbBackWin
                0x10086eb8       0x44 Generated_Source\PSoC6\pdl\middleware\emWin\libs\GCC\libemWin_nosnts_gcc.a(WM.o)
 .text.WM_Init  0x10086efc       0xa4 Generated_Source\PSoC6\pdl\middleware\emWin\libs\GCC\libemWin_nosnts_gcc.a(WM.o)
                0x10086efc                WM_Init
 .text.WM__GetFirstSibling
                0x10086fa0       0x16 Generated_Source\PSoC6\pdl\middleware\emWin\libs\GCC\libemWin_nosnts_gcc.a(WM__Private.o)
                0x10086fa0                WM__GetFirstSibling
 .text.WM__GetPrevSibling
                0x10086fb6       0x28 Generated_Source\PSoC6\pdl\middleware\emWin\libs\GCC\libemWin_nosnts_gcc.a(WM__Private.o)
                0x10086fb6                WM__GetPrevSibling
 *fill*         0x10086fde        0x2 
 .text.WM__SendMessage
                0x10086fe0       0x38 Generated_Source\PSoC6\pdl\middleware\emWin\libs\GCC\libemWin_nosnts_gcc.a(WM__Private.o)
                0x10086fe0                WM__SendMessage
 .text.WM__AddCriticalHandle
                0x10087018       0x10 Generated_Source\PSoC6\pdl\middleware\emWin\libs\GCC\libemWin_nosnts_gcc.a(WM__Private.o)
                0x10087018                WM__AddCriticalHandle
 .text.WM__GetClientRectEx
                0x10087028       0x20 Generated_Source\PSoC6\pdl\middleware\emWin\libs\GCC\libemWin_nosnts_gcc.a(WM__Private.o)
                0x10087028                WM__GetClientRectEx
 .text.WM_GetDesktopWindow
                0x10087048        0xc Generated_Source\PSoC6\pdl\middleware\emWin\libs\GCC\libemWin_nosnts_gcc.a(WM_Lib.o)
                0x10087048                WM_GetDesktopWindow
 .text.WM_GetFirstChild
                0x10087054        0xe Generated_Source\PSoC6\pdl\middleware\emWin\libs\GCC\libemWin_nosnts_gcc.a(WM_Lib.o)
                0x10087054                WM_GetFirstChild
 .text.WM_GetParent
                0x10087062        0xe Generated_Source\PSoC6\pdl\middleware\emWin\libs\GCC\libemWin_nosnts_gcc.a(WM_Lib.o)
                0x10087062                WM_GetParent
 .text.WM_BringToBottom
                0x10087070       0x80 Generated_Source\PSoC6\pdl\middleware\emWin\libs\GCC\libemWin_nosnts_gcc.a(WM_Lib.o)
                0x10087070                WM_BringToBottom
 .text.WM_SendToParent
                0x100870f0       0x1a Generated_Source\PSoC6\pdl\middleware\emWin\libs\GCC\libemWin_nosnts_gcc.a(WM_Lib.o)
                0x100870f0                WM_SendToParent
 *fill*         0x1008710a        0x2 
 .text.GUI__ManageCacheEx
                0x1008710c       0xe0 Generated_Source\PSoC6\pdl\middleware\emWin\libs\GCC\libemWin_nosnts_gcc.a(GUI__ManageCache.o)
                0x1008710c                GUI__ManageCacheEx
 .text.GUI__ManageCache
                0x100871ec       0x14 Generated_Source\PSoC6\pdl\middleware\emWin\libs\GCC\libemWin_nosnts_gcc.a(GUI__ManageCache.o)
                0x100871ec                GUI__ManageCache
 .text.GUI__IntersectRect
                0x10087200       0x3c Generated_Source\PSoC6\pdl\middleware\emWin\libs\GCC\libemWin_nosnts_gcc.a(GUI__Private.o)
                0x10087200                GUI__IntersectRect
 .text.GUI__IntersectRects
                0x1008723c       0x68 Generated_Source\PSoC6\pdl\middleware\emWin\libs\GCC\libemWin_nosnts_gcc.a(GUI__Private.o)
                0x1008723c                GUI__IntersectRects
 .text.GUI_GetYAdjust
                0x100872a4       0x2c Generated_Source\PSoC6\pdl\middleware\emWin\libs\GCC\libemWin_nosnts_gcc.a(GUI_Char.o)
                0x100872a4                GUI_GetYAdjust
 .text.GUI_GetFontDistY
                0x100872d0       0x10 Generated_Source\PSoC6\pdl\middleware\emWin\libs\GCC\libemWin_nosnts_gcc.a(GUI_Char.o)
                0x100872d0                GUI_GetFontDistY
 .text.GUI_GetCharDistX
                0x100872e0       0x14 Generated_Source\PSoC6\pdl\middleware\emWin\libs\GCC\libemWin_nosnts_gcc.a(GUI_Char.o)
                0x100872e0                GUI_GetCharDistX
 .text.GUI_GetCharDistXEx
                0x100872f4       0x14 Generated_Source\PSoC6\pdl\middleware\emWin\libs\GCC\libemWin_nosnts_gcc.a(GUI_Char.o)
                0x100872f4                GUI_GetCharDistXEx
 .text._Log2VisBuffered
                0x10087308        0x2 Generated_Source\PSoC6\pdl\middleware\emWin\libs\GCC\libemWin_nosnts_gcc.a(GUI_CharLine.o)
 *fill*         0x1008730a        0x2 
 .text._DispLine
                0x1008730c       0x9c Generated_Source\PSoC6\pdl\middleware\emWin\libs\GCC\libemWin_nosnts_gcc.a(GUI_CharLine.o)
 .text.GUI__GetLineNumChars
                0x100873a8       0x3c Generated_Source\PSoC6\pdl\middleware\emWin\libs\GCC\libemWin_nosnts_gcc.a(GUI_CharLine.o)
                0x100873a8                GUI__GetLineNumChars
 .text.GUI__GetOverlap
                0x100873e4       0x18 Generated_Source\PSoC6\pdl\middleware\emWin\libs\GCC\libemWin_nosnts_gcc.a(GUI_CharLine.o)
                0x100873e4                GUI__GetOverlap
 .text.GUI__GetLineDistX
                0x100873fc       0x5c Generated_Source\PSoC6\pdl\middleware\emWin\libs\GCC\libemWin_nosnts_gcc.a(GUI_CharLine.o)
                0x100873fc                GUI__GetLineDistX
 .text.GUI__DispLine
                0x10087458       0x9c Generated_Source\PSoC6\pdl\middleware\emWin\libs\GCC\libemWin_nosnts_gcc.a(GUI_CharLine.o)
                0x10087458                GUI__DispLine
 .text.GUI_SelectLayer
                0x100874f4       0x28 Generated_Source\PSoC6\pdl\middleware\emWin\libs\GCC\libemWin_nosnts_gcc.a(GUI_SelectLayer.o)
                0x100874f4                GUI_SelectLayer
 .text._GetIndexMask_0
                0x1008751c       0x44 Generated_Source\PSoC6\pdl\middleware\emWin\libs\GCC\libemWin_nosnts_gcc.a(GUICC_0.o)
 .text._Index2Color_0
                0x10087560       0x20 Generated_Source\PSoC6\pdl\middleware\emWin\libs\GCC\libemWin_nosnts_gcc.a(GUICC_0.o)
 .text._Color2Index_0
                0x10087580       0x50 Generated_Source\PSoC6\pdl\middleware\emWin\libs\GCC\libemWin_nosnts_gcc.a(GUICC_0.o)
 .text.GUI_MEMDEV_GetBitsPerPixel
                0x100875d0       0x26 Generated_Source\PSoC6\pdl\middleware\emWin\libs\GCC\libemWin_nosnts_gcc.a(GUIDEV.o)
                0x100875d0                GUI_MEMDEV_GetBitsPerPixel
 *fill*         0x100875f6        0x2 
 .text.GUI_MEMDEV_Delete
                0x100875f8       0x40 Generated_Source\PSoC6\pdl\middleware\emWin\libs\GCC\libemWin_nosnts_gcc.a(GUIDEV.o)
                0x100875f8                GUI_MEMDEV_Delete
 .text._GetDevData
                0x10087638       0x10 Generated_Source\PSoC6\pdl\middleware\emWin\libs\GCC\libemWin_nosnts_gcc.a(GUIDEV_1.o)
 .text._GetDevFunc
                0x10087648       0x10 Generated_Source\PSoC6\pdl\middleware\emWin\libs\GCC\libemWin_nosnts_gcc.a(GUIDEV_1.o)
 .text._SetOrg  0x10087658        0xc Generated_Source\PSoC6\pdl\middleware\emWin\libs\GCC\libemWin_nosnts_gcc.a(GUIDEV_1.o)
 .text._GetDevProp
                0x10087664        0xc Generated_Source\PSoC6\pdl\middleware\emWin\libs\GCC\libemWin_nosnts_gcc.a(GUIDEV_1.o)
 .text._GetRect
                0x10087670       0x30 Generated_Source\PSoC6\pdl\middleware\emWin\libs\GCC\libemWin_nosnts_gcc.a(GUIDEV_1.o)
 .text._XY2PTR_BITOFFSET
                0x100876a0       0x44 Generated_Source\PSoC6\pdl\middleware\emWin\libs\GCC\libemWin_nosnts_gcc.a(GUIDEV_1.o)
 .text._GetPixelIndex
                0x100876e4       0x18 Generated_Source\PSoC6\pdl\middleware\emWin\libs\GCC\libemWin_nosnts_gcc.a(GUIDEV_1.o)
 .text._XorPixel
                0x100876fc       0x58 Generated_Source\PSoC6\pdl\middleware\emWin\libs\GCC\libemWin_nosnts_gcc.a(GUIDEV_1.o)
 .text._SetPixelIndex
                0x10087754       0x60 Generated_Source\PSoC6\pdl\middleware\emWin\libs\GCC\libemWin_nosnts_gcc.a(GUIDEV_1.o)
 .text._DrawVLine
                0x100877b4       0xb8 Generated_Source\PSoC6\pdl\middleware\emWin\libs\GCC\libemWin_nosnts_gcc.a(GUIDEV_1.o)
 .text._FillRect
                0x1008786c      0x158 Generated_Source\PSoC6\pdl\middleware\emWin\libs\GCC\libemWin_nosnts_gcc.a(GUIDEV_1.o)
 .text._DrawHLine
                0x100879c4        0xa Generated_Source\PSoC6\pdl\middleware\emWin\libs\GCC\libemWin_nosnts_gcc.a(GUIDEV_1.o)
 *fill*         0x100879ce        0x2 
 .text._DrawBitmap
                0x100879d0      0x614 Generated_Source\PSoC6\pdl\middleware\emWin\libs\GCC\libemWin_nosnts_gcc.a(GUIDEV_1.o)
 .text._GetDevData
                0x10087fe4       0x10 Generated_Source\PSoC6\pdl\middleware\emWin\libs\GCC\libemWin_nosnts_gcc.a(GUIDEV_8.o)
 .text._GetDevFunc
                0x10087ff4       0x10 Generated_Source\PSoC6\pdl\middleware\emWin\libs\GCC\libemWin_nosnts_gcc.a(GUIDEV_8.o)
 .text._SetOrg  0x10088004       0x10 Generated_Source\PSoC6\pdl\middleware\emWin\libs\GCC\libemWin_nosnts_gcc.a(GUIDEV_8.o)
 .text._GetRect
                0x10088014       0x30 Generated_Source\PSoC6\pdl\middleware\emWin\libs\GCC\libemWin_nosnts_gcc.a(GUIDEV_8.o)
 .text._XY2PTR  0x10088044       0x38 Generated_Source\PSoC6\pdl\middleware\emWin\libs\GCC\libemWin_nosnts_gcc.a(GUIDEV_8.o)
 .text._GetPixelIndex
                0x1008807c        0xe Generated_Source\PSoC6\pdl\middleware\emWin\libs\GCC\libemWin_nosnts_gcc.a(GUIDEV_8.o)
 *fill*         0x1008808a        0x2 
 .text._XorPixel
                0x1008808c       0x54 Generated_Source\PSoC6\pdl\middleware\emWin\libs\GCC\libemWin_nosnts_gcc.a(GUIDEV_8.o)
 .text._SetPixelIndex
                0x100880e0       0x48 Generated_Source\PSoC6\pdl\middleware\emWin\libs\GCC\libemWin_nosnts_gcc.a(GUIDEV_8.o)
 .text._DrawVLine
                0x10088128       0xbc Generated_Source\PSoC6\pdl\middleware\emWin\libs\GCC\libemWin_nosnts_gcc.a(GUIDEV_8.o)
 .text._FillRect
                0x100881e4       0xb0 Generated_Source\PSoC6\pdl\middleware\emWin\libs\GCC\libemWin_nosnts_gcc.a(GUIDEV_8.o)
 .text._DrawHLine
                0x10088294        0xa Generated_Source\PSoC6\pdl\middleware\emWin\libs\GCC\libemWin_nosnts_gcc.a(GUIDEV_8.o)
 *fill*         0x1008829e        0x2 
 .text._DrawBitmap
                0x100882a0      0x688 Generated_Source\PSoC6\pdl\middleware\emWin\libs\GCC\libemWin_nosnts_gcc.a(GUIDEV_8.o)
 .text._GetDevProp
                0x10088928       0x1e Generated_Source\PSoC6\pdl\middleware\emWin\libs\GCC\libemWin_nosnts_gcc.a(GUIDEV_8.o)
 .text.GUI_USAGE_DecUseCnt
                0x10088946       0x24 Generated_Source\PSoC6\pdl\middleware\emWin\libs\GCC\libemWin_nosnts_gcc.a(GUIDEV_Usage.o)
                0x10088946                GUI_USAGE_DecUseCnt
 .text.GUI_USAGE_AddRect
                0x1008896a       0x26 Generated_Source\PSoC6\pdl\middleware\emWin\libs\GCC\libemWin_nosnts_gcc.a(GUIDEV_Usage.o)
                0x1008896a                GUI_USAGE_AddRect
 .text._Convert16
                0x10088990       0x34 Generated_Source\PSoC6\pdl\middleware\emWin\libs\GCC\libemWin_nosnts_gcc.a(GUIDEV_WriteToActiveOpaque.o)
 .text._Convert8
                0x100889c4       0x34 Generated_Source\PSoC6\pdl\middleware\emWin\libs\GCC\libemWin_nosnts_gcc.a(GUIDEV_WriteToActiveOpaque.o)
 .text.GUI_MEMDEV__WriteToActiveOpaque
                0x100889f8      0x714 Generated_Source\PSoC6\pdl\middleware\emWin\libs\GCC\libemWin_nosnts_gcc.a(GUIDEV_WriteToActiveOpaque.o)
                0x100889f8                GUI_MEMDEV__WriteToActiveOpaque
 .text.LCD_SetClipRectEx
                0x1008910c       0x30 Generated_Source\PSoC6\pdl\middleware\emWin\libs\GCC\libemWin_nosnts_gcc.a(LCD_SetClipRectEx.o)
                0x1008910c                LCD_SetClipRectEx
 .text.GUI__CompactPixelIndices
                0x1008913c      0x14a Generated_Source\PSoC6\pdl\middleware\emWin\libs\GCC\libemWin_nosnts_gcc.a(GUI__CompactPixelIndices.o)
                0x1008913c                GUI__CompactPixelIndices
 .text.GUI_MEMDEV_GetDataPtr
                0x10089286       0x1c Generated_Source\PSoC6\pdl\middleware\emWin\libs\GCC\libemWin_nosnts_gcc.a(GUIDEV_GetDataPtr.o)
                0x10089286                GUI_MEMDEV_GetDataPtr
 *fill*         0x100892a2        0x2 
 .text          0x100892a4       0x14 c:/program files (x86)/cypress/psoc creator/4.4/psoc creator/import/gnu/arm/5.4.1/bin/../lib/gcc/arm-none-eabi/5.4.1/armv7e-m/softfp\libgcc.a(_thumb1_case_uqi.o)
                0x100892a4                __gnu_thumb1_case_uqi
 .text          0x100892b8       0x14 c:/program files (x86)/cypress/psoc creator/4.4/psoc creator/import/gnu/arm/5.4.1/bin/../lib/gcc/arm-none-eabi/5.4.1/armv7e-m/softfp\libgcc.a(_thumb1_case_uhi.o)
                0x100892b8                __gnu_thumb1_case_uhi
 .text          0x100892cc       0x24 c:/program files (x86)/cypress/psoc creator/4.4/psoc creator/import/gnu/arm/5.4.1/bin/../lib/gcc/arm-none-eabi/5.4.1/armv7e-m/softfp\libgcc.a(_udivsi3.o)
                0x100892cc                __aeabi_uidiv
                0x100892cc                __udivsi3
                0x100892e0                __aeabi_uidivmod
 .text          0x100892f0       0x2c c:/program files (x86)/cypress/psoc creator/4.4/psoc creator/import/gnu/arm/5.4.1/bin/../lib/gcc/arm-none-eabi/5.4.1/armv7e-m/softfp\libgcc.a(_divsi3.o)
                0x100892f0                __divsi3
                0x100892f0                __aeabi_idiv
                0x1008930c                __aeabi_idivmod
 .text          0x1008931c        0x4 c:/program files (x86)/cypress/psoc creator/4.4/psoc creator/import/gnu/arm/5.4.1/bin/../lib/gcc/arm-none-eabi/5.4.1/armv7e-m/softfp\libgcc.a(_dvmd_tls.o)
                0x1008931c                __aeabi_idiv0
                0x1008931c                __aeabi_ldiv0
 .text          0x10089320      0x370 c:/program files (x86)/cypress/psoc creator/4.4/psoc creator/import/gnu/arm/5.4.1/bin/../lib/gcc/arm-none-eabi/5.4.1/armv7e-m/softfp\libgcc.a(_arm_addsubdf3.o)
                0x10089320                __aeabi_drsub
                0x10089328                __aeabi_dsub
                0x10089328                __subdf3
                0x1008932c                __aeabi_dadd
                0x1008932c                __adddf3
                0x100895a4                __floatunsidf
                0x100895a4                __aeabi_ui2d
                0x100895c4                __floatsidf
                0x100895c4                __aeabi_i2d
                0x100895e8                __aeabi_f2d
                0x100895e8                __extendsfdf2
                0x10089624                __floatundidf
                0x10089624                __aeabi_ul2d
                0x10089634                __floatdidf
                0x10089634                __aeabi_l2d
 .text          0x10089690      0x424 c:/program files (x86)/cypress/psoc creator/4.4/psoc creator/import/gnu/arm/5.4.1/bin/../lib/gcc/arm-none-eabi/5.4.1/armv7e-m/softfp\libgcc.a(_arm_muldivdf3.o)
                0x10089690                __aeabi_dmul
                0x10089690                __muldf3
                0x100898e4                __divdf3
                0x100898e4                __aeabi_ddiv
 .text          0x10089ab4      0x110 c:/program files (x86)/cypress/psoc creator/4.4/psoc creator/import/gnu/arm/5.4.1/bin/../lib/gcc/arm-none-eabi/5.4.1/armv7e-m/softfp\libgcc.a(_arm_cmpdf2.o)
                0x10089ab4                __gtdf2
                0x10089ab4                __gedf2
                0x10089abc                __ltdf2
                0x10089abc                __ledf2
                0x10089ac4                __nedf2
                0x10089ac4                __eqdf2
                0x10089ac4                __cmpdf2
                0x10089b40                __aeabi_cdrcmple
                0x10089b50                __aeabi_cdcmpeq
                0x10089b50                __aeabi_cdcmple
                0x10089b60                __aeabi_dcmpeq
                0x10089b74                __aeabi_dcmplt
                0x10089b88                __aeabi_dcmple
                0x10089b9c                __aeabi_dcmpge
                0x10089bb0                __aeabi_dcmpgt
 .text          0x10089bc4       0xa0 c:/program files (x86)/cypress/psoc creator/4.4/psoc creator/import/gnu/arm/5.4.1/bin/../lib/gcc/arm-none-eabi/5.4.1/armv7e-m/softfp\libgcc.a(_arm_truncdfsf2.o)
                0x10089bc4                __truncdfsf2
                0x10089bc4                __aeabi_d2f
 .text.memcpy   0x10089c64       0x16 c:/program files (x86)/cypress/psoc creator/4.4/psoc creator/import/gnu/arm/5.4.1/bin/../lib/gcc/arm-none-eabi/5.4.1/../../../../arm-none-eabi/lib/armv7e-m/softfp\libg_nano.a(lib_a-memcpy-stub.o)
                0x10089c64                memcpy
 .text.memmove  0x10089c7a       0x36 c:/program files (x86)/cypress/psoc creator/4.4/psoc creator/import/gnu/arm/5.4.1/bin/../lib/gcc/arm-none-eabi/5.4.1/../../../../arm-none-eabi/lib/armv7e-m/softfp\libg_nano.a(lib_a-memmove.o)
                0x10089c7a                memmove
 .text.memset   0x10089cb0       0x10 c:/program files (x86)/cypress/psoc creator/4.4/psoc creator/import/gnu/arm/5.4.1/bin/../lib/gcc/arm-none-eabi/5.4.1/../../../../arm-none-eabi/lib/armv7e-m/softfp\libg_nano.a(lib_a-memset.o)
                0x10089cb0                memset
 .text.__cvt    0x10089cc0       0xc2 c:/program files (x86)/cypress/psoc creator/4.4/psoc creator/import/gnu/arm/5.4.1/bin/../lib/gcc/arm-none-eabi/5.4.1/../../../../arm-none-eabi/lib/armv7e-m/softfp\libg_nano.a(lib_a-nano-vfprintf_float.o)
                0x10089cc0                __cvt
 .text.__exponent
                0x10089d82       0x60 c:/program files (x86)/cypress/psoc creator/4.4/psoc creator/import/gnu/arm/5.4.1/bin/../lib/gcc/arm-none-eabi/5.4.1/../../../../arm-none-eabi/lib/armv7e-m/softfp\libg_nano.a(lib_a-nano-vfprintf_float.o)
                0x10089d82                __exponent
 *fill*         0x10089de2        0x2 
 .text._printf_float
                0x10089de4      0x488 c:/program files (x86)/cypress/psoc creator/4.4/psoc creator/import/gnu/arm/5.4.1/bin/../lib/gcc/arm-none-eabi/5.4.1/../../../../arm-none-eabi/lib/armv7e-m/softfp\libg_nano.a(lib_a-nano-vfprintf_float.o)
                0x10089de4                _printf_float
 .text._printf_common
                0x1008a26c       0xec c:/program files (x86)/cypress/psoc creator/4.4/psoc creator/import/gnu/arm/5.4.1/bin/../lib/gcc/arm-none-eabi/5.4.1/../../../../arm-none-eabi/lib/armv7e-m/softfp\libg_nano.a(lib_a-nano-vfprintf_i.o)
                0x1008a26c                _printf_common
 .text._printf_i
                0x1008a358      0x24c c:/program files (x86)/cypress/psoc creator/4.4/psoc creator/import/gnu/arm/5.4.1/bin/../lib/gcc/arm-none-eabi/5.4.1/../../../../arm-none-eabi/lib/armv7e-m/softfp\libg_nano.a(lib_a-nano-vfprintf_i.o)
                0x1008a358                _printf_i
 .text.printf   0x1008a5a4       0x30 c:/program files (x86)/cypress/psoc creator/4.4/psoc creator/import/gnu/arm/5.4.1/bin/../lib/gcc/arm-none-eabi/5.4.1/../../../../arm-none-eabi/lib/armv7e-m/softfp\libg_nano.a(lib_a-printf.o)
                0x1008a5a4                iprintf
                0x1008a5a4                printf
 .text.rand     0x1008a5d4       0x74 c:/program files (x86)/cypress/psoc creator/4.4/psoc creator/import/gnu/arm/5.4.1/bin/../lib/gcc/arm-none-eabi/5.4.1/../../../../arm-none-eabi/lib/armv7e-m/softfp\libg_nano.a(lib_a-rand.o)
                0x1008a5d4                rand
 .text.sprintf  0x1008a648       0x48 c:/program files (x86)/cypress/psoc creator/4.4/psoc creator/import/gnu/arm/5.4.1/bin/../lib/gcc/arm-none-eabi/5.4.1/../../../../arm-none-eabi/lib/armv7e-m/softfp\libg_nano.a(lib_a-sprintf.o)
                0x1008a648                siprintf
                0x1008a648                sprintf
 .text.strcpy   0x1008a690       0x10 c:/program files (x86)/cypress/psoc creator/4.4/psoc creator/import/gnu/arm/5.4.1/bin/../lib/gcc/arm-none-eabi/5.4.1/../../../../arm-none-eabi/lib/armv7e-m/softfp\libg_nano.a(lib_a-strcpy.o)
                0x1008a690                strcpy
 .text          0x1008a6a0       0x10 c:/program files (x86)/cypress/psoc creator/4.4/psoc creator/import/gnu/arm/5.4.1/bin/../lib/gcc/arm-none-eabi/5.4.1/../../../../arm-none-eabi/lib/armv7e-m/softfp\libg_nano.a(lib_a-strlen.o)
                0x1008a6a0                strlen
 .text.strncpy  0x1008a6b0       0x26 c:/program files (x86)/cypress/psoc creator/4.4/psoc creator/import/gnu/arm/5.4.1/bin/../lib/gcc/arm-none-eabi/5.4.1/../../../../arm-none-eabi/lib/armv7e-m/softfp\libg_nano.a(lib_a-strncpy.o)
                0x1008a6b0                strncpy
 .text.quorem   0x1008a6d6      0x11e c:/program files (x86)/cypress/psoc creator/4.4/psoc creator/import/gnu/arm/5.4.1/bin/../lib/gcc/arm-none-eabi/5.4.1/../../../../arm-none-eabi/lib/armv7e-m/softfp\libg_nano.a(lib_a-dtoa.o)
 *fill*         0x1008a7f4        0x4 
 .text._dtoa_r  0x1008a7f8      0xb38 c:/program files (x86)/cypress/psoc creator/4.4/psoc creator/import/gnu/arm/5.4.1/bin/../lib/gcc/arm-none-eabi/5.4.1/../../../../arm-none-eabi/lib/armv7e-m/softfp\libg_nano.a(lib_a-dtoa.o)
                0x1008a7f8                _dtoa_r
 .text._cleanup_r
                0x1008b330        0xc c:/program files (x86)/cypress/psoc creator/4.4/psoc creator/import/gnu/arm/5.4.1/bin/../lib/gcc/arm-none-eabi/5.4.1/../../../../arm-none-eabi/lib/armv7e-m/softfp\libg_nano.a(lib_a-findfp.o)
                0x1008b330                _cleanup_r
 .text.std.isra.0
                0x1008b33c       0x48 c:/program files (x86)/cypress/psoc creator/4.4/psoc creator/import/gnu/arm/5.4.1/bin/../lib/gcc/arm-none-eabi/5.4.1/../../../../arm-none-eabi/lib/armv7e-m/softfp\libg_nano.a(lib_a-findfp.o)
 .text.__sfmoreglue
                0x1008b384       0x2c c:/program files (x86)/cypress/psoc creator/4.4/psoc creator/import/gnu/arm/5.4.1/bin/../lib/gcc/arm-none-eabi/5.4.1/../../../../arm-none-eabi/lib/armv7e-m/softfp\libg_nano.a(lib_a-findfp.o)
                0x1008b384                __sfmoreglue
 .text.__sinit  0x1008b3b0       0x60 c:/program files (x86)/cypress/psoc creator/4.4/psoc creator/import/gnu/arm/5.4.1/bin/../lib/gcc/arm-none-eabi/5.4.1/../../../../arm-none-eabi/lib/armv7e-m/softfp\libg_nano.a(lib_a-findfp.o)
                0x1008b3b0                __sinit
 .text.__sfp    0x1008b410       0x78 c:/program files (x86)/cypress/psoc creator/4.4/psoc creator/import/gnu/arm/5.4.1/bin/../lib/gcc/arm-none-eabi/5.4.1/../../../../arm-none-eabi/lib/armv7e-m/softfp\libg_nano.a(lib_a-findfp.o)
                0x1008b410                __sfp
 .text._fwalk_reent
                0x1008b488       0x3c c:/program files (x86)/cypress/psoc creator/4.4/psoc creator/import/gnu/arm/5.4.1/bin/../lib/gcc/arm-none-eabi/5.4.1/../../../../arm-none-eabi/lib/armv7e-m/softfp\libg_nano.a(lib_a-fwalk.o)
                0x1008b488                _fwalk_reent
 .text._localeconv_r
                0x1008b4c4        0x8 c:/program files (x86)/cypress/psoc creator/4.4/psoc creator/import/gnu/arm/5.4.1/bin/../lib/gcc/arm-none-eabi/5.4.1/../../../../arm-none-eabi/lib/armv7e-m/softfp\libg_nano.a(lib_a-locale.o)
                0x1008b4c4                _localeconv_r
 .text.malloc   0x1008b4cc       0x10 c:/program files (x86)/cypress/psoc creator/4.4/psoc creator/import/gnu/arm/5.4.1/bin/../lib/gcc/arm-none-eabi/5.4.1/../../../../arm-none-eabi/lib/armv7e-m/softfp\libg_nano.a(lib_a-malloc.o)
                0x1008b4cc                malloc